main.c:181:6:HAL_CAN_RxFifo0MsgPendingCallback	16	static
main.c:189:6:checkConfig	8	static
main.c:201:6:EXTI4_15_IRQHandler	8	static
main.c:212:6:canFilterInit	16	static
main.c:226:5:byte2Data	24	static
main.c:232:6:scaleData	32	static
main.c:238:6:getData	8	static
main.c:302:6:printText	24	static
main.c:311:6:printTextLarge	24	static
main.c:318:6:printDataDigitalLarge	48	static
main.c:345:6:printValue	24	static
main.c:351:5:getPercent	32	static
main.c:369:6:printStartup	8	static
main.c:389:6:LEDprogress	16	static
main.c:450:6:LEDsingle	16	static
main.c:496:6:printGauge	16	static
main.c:516:6:updateGauge	16	static
main.c:566:5:main	16	static
main.c:684:6:SystemClock_Config	72	static
main.c:720:13:MX_CAN_Init	8	static
main.c:757:13:MX_I2C1_Init	8	static
main.c:791:13:MX_GPIO_Init	32	static
main.c:839:6:Error_Handler	4	static,ignoring_inline_asm
