main.c:141:6:HAL_CAN_RxFifo0MsgPendingCallback	16	static
main.c:149:6:EXTI4_15_IRQHandler	8	static
main.c:160:6:canFilterInit	16	static
main.c:174:5:byte2Data	24	static
main.c:180:5:getIntValue	16	static
main.c:187:5:getDecValue	16	static
main.c:197:6:getData	8	static
main.c:243:6:printText	24	static
main.c:250:6:printTextLarge	24	static
main.c:257:6:printTextSmall	24	static
main.c:264:6:printDataDigitalLarge	32	static
main.c:281:6:printDataDigital	32	static
main.c:298:6:printDataDigitalSmall	32	static
main.c:315:6:printDataMin	32	static
main.c:332:6:printDataMax	32	static
main.c:349:6:printValueSmall	24	static
main.c:355:6:printBarGraph	64	static
main.c:392:6:printBarMinMax	40	static
main.c:408:5:getPercent	24	static
main.c:426:6:getMinMax	24	static
main.c:452:6:printStartup	8	static
main.c:463:6:getPercentMinMax	32	static
main.c:486:6:updateGauge	24	static
main.c:568:5:main	8	static
main.c:661:6:SystemClock_Config	112	static
main.c:703:13:MX_CAN_Init	8	static
main.c:740:13:MX_I2C1_Init	8	static
main.c:786:13:MX_USART2_UART_Init	8	static
main.c:821:13:MX_GPIO_Init	48	static
main.c:860:6:Error_Handler	8	static,ignoring_inline_asm
