main.c:151:6:HAL_CAN_RxFifo0MsgPendingCallback	16	static
main.c:159:6:EXTI4_15_IRQHandler	8	static
main.c:170:6:canFilterInit	16	static
main.c:184:6:canFilterUpdate	16	static
main.c:190:5:byte2Data	24	static
main.c:196:5:getIntValue	16	static
main.c:203:5:getDecValue	16	static
main.c:213:6:getData	8	static
main.c:259:6:printText	24	static
main.c:280:6:printDataDigital	32	static
main.c:324:6:printDataMin	32	static
main.c:368:6:printDataMax	32	static
main.c:411:6:printBarGraph	64	static
main.c:448:6:printBarMinMax	40	static
main.c:464:5:getPercent	24	static
main.c:482:6:getMinMax	24	static
main.c:508:6:printStartup	8	static
main.c:518:6:getPercentMinMax	32	static
main.c:538:6:digitalGaugeBasic	16	static
main.c:549:6:digitalGaugeBasicRotated	16	static
main.c:560:6:digitalGaugeBar	24	static
main.c:579:6:digitalGaugeBarRotated	24	static
main.c:600:6:updateGauge	16	static
main.c:650:5:main	8	static
main.c:768:6:SystemClock_Config	112	static
main.c:810:13:MX_CAN_Init	8	static
main.c:847:13:MX_I2C1_Init	8	static
main.c:893:13:MX_USART2_UART_Init	8	static
main.c:928:13:MX_GPIO_Init	48	static
main.c:967:6:Error_Handler	8	static,ignoring_inline_asm
