Archive member included to satisfy reference by file (symbol)

c:/st/stm32cubeide_1.7.0/stm32cubeide/plugins/com.st.stm32cube.ide.mcu.externaltools.gnu-tools-for-stm32.9-2020-q2-update.win32_2.0.0.202105311346/tools/bin/../lib/gcc/arm-none-eabi/9.3.1/../../../../arm-none-eabi/lib/thumb/v6-m/nofp\libc_nano.a(lib_a-errno.o)
                              ./Core/Src/syscalls.o (__errno)
c:/st/stm32cubeide_1.7.0/stm32cubeide/plugins/com.st.stm32cube.ide.mcu.externaltools.gnu-tools-for-stm32.9-2020-q2-update.win32_2.0.0.202105311346/tools/bin/../lib/gcc/arm-none-eabi/9.3.1/../../../../arm-none-eabi/lib/thumb/v6-m/nofp\libc_nano.a(lib_a-exit.o)
                              c:/st/stm32cubeide_1.7.0/stm32cubeide/plugins/com.st.stm32cube.ide.mcu.externaltools.gnu-tools-for-stm32.9-2020-q2-update.win32_2.0.0.202105311346/tools/bin/../lib/gcc/arm-none-eabi/9.3.1/../../../../arm-none-eabi/lib/thumb/v6-m/nofp/crt0.o (exit)
c:/st/stm32cubeide_1.7.0/stm32cubeide/plugins/com.st.stm32cube.ide.mcu.externaltools.gnu-tools-for-stm32.9-2020-q2-update.win32_2.0.0.202105311346/tools/bin/../lib/gcc/arm-none-eabi/9.3.1/../../../../arm-none-eabi/lib/thumb/v6-m/nofp\libc_nano.a(lib_a-impure.o)
                              c:/st/stm32cubeide_1.7.0/stm32cubeide/plugins/com.st.stm32cube.ide.mcu.externaltools.gnu-tools-for-stm32.9-2020-q2-update.win32_2.0.0.202105311346/tools/bin/../lib/gcc/arm-none-eabi/9.3.1/../../../../arm-none-eabi/lib/thumb/v6-m/nofp\libc_nano.a(lib_a-exit.o) (_global_impure_ptr)
c:/st/stm32cubeide_1.7.0/stm32cubeide/plugins/com.st.stm32cube.ide.mcu.externaltools.gnu-tools-for-stm32.9-2020-q2-update.win32_2.0.0.202105311346/tools/bin/../lib/gcc/arm-none-eabi/9.3.1/../../../../arm-none-eabi/lib/thumb/v6-m/nofp\libc_nano.a(lib_a-init.o)
                              c:/st/stm32cubeide_1.7.0/stm32cubeide/plugins/com.st.stm32cube.ide.mcu.externaltools.gnu-tools-for-stm32.9-2020-q2-update.win32_2.0.0.202105311346/tools/bin/../lib/gcc/arm-none-eabi/9.3.1/../../../../arm-none-eabi/lib/thumb/v6-m/nofp/crt0.o (__libc_init_array)
c:/st/stm32cubeide_1.7.0/stm32cubeide/plugins/com.st.stm32cube.ide.mcu.externaltools.gnu-tools-for-stm32.9-2020-q2-update.win32_2.0.0.202105311346/tools/bin/../lib/gcc/arm-none-eabi/9.3.1/../../../../arm-none-eabi/lib/thumb/v6-m/nofp\libc_nano.a(lib_a-memcpy-stub.o)
                              ./Core/Src/ssd1306.o (memcpy)
c:/st/stm32cubeide_1.7.0/stm32cubeide/plugins/com.st.stm32cube.ide.mcu.externaltools.gnu-tools-for-stm32.9-2020-q2-update.win32_2.0.0.202105311346/tools/bin/../lib/gcc/arm-none-eabi/9.3.1/../../../../arm-none-eabi/lib/thumb/v6-m/nofp\libc_nano.a(lib_a-memset.o)
                              c:/st/stm32cubeide_1.7.0/stm32cubeide/plugins/com.st.stm32cube.ide.mcu.externaltools.gnu-tools-for-stm32.9-2020-q2-update.win32_2.0.0.202105311346/tools/bin/../lib/gcc/arm-none-eabi/9.3.1/../../../../arm-none-eabi/lib/thumb/v6-m/nofp/crt0.o (memset)
c:/st/stm32cubeide_1.7.0/stm32cubeide/plugins/com.st.stm32cube.ide.mcu.externaltools.gnu-tools-for-stm32.9-2020-q2-update.win32_2.0.0.202105311346/tools/bin/../lib/gcc/arm-none-eabi/9.3.1/../../../../arm-none-eabi/lib/thumb/v6-m/nofp\libc_nano.a(lib_a-snprintf.o)
                              ./Core/Src/main.o (snprintf)
c:/st/stm32cubeide_1.7.0/stm32cubeide/plugins/com.st.stm32cube.ide.mcu.externaltools.gnu-tools-for-stm32.9-2020-q2-update.win32_2.0.0.202105311346/tools/bin/../lib/gcc/arm-none-eabi/9.3.1/../../../../arm-none-eabi/lib/thumb/v6-m/nofp\libc_nano.a(lib_a-nano-svfprintf.o)
                              c:/st/stm32cubeide_1.7.0/stm32cubeide/plugins/com.st.stm32cube.ide.mcu.externaltools.gnu-tools-for-stm32.9-2020-q2-update.win32_2.0.0.202105311346/tools/bin/../lib/gcc/arm-none-eabi/9.3.1/../../../../arm-none-eabi/lib/thumb/v6-m/nofp\libc_nano.a(lib_a-snprintf.o) (_svfprintf_r)
c:/st/stm32cubeide_1.7.0/stm32cubeide/plugins/com.st.stm32cube.ide.mcu.externaltools.gnu-tools-for-stm32.9-2020-q2-update.win32_2.0.0.202105311346/tools/bin/../lib/gcc/arm-none-eabi/9.3.1/../../../../arm-none-eabi/lib/thumb/v6-m/nofp\libc_nano.a(lib_a-nano-vfprintf_i.o)
                              c:/st/stm32cubeide_1.7.0/stm32cubeide/plugins/com.st.stm32cube.ide.mcu.externaltools.gnu-tools-for-stm32.9-2020-q2-update.win32_2.0.0.202105311346/tools/bin/../lib/gcc/arm-none-eabi/9.3.1/../../../../arm-none-eabi/lib/thumb/v6-m/nofp\libc_nano.a(lib_a-nano-svfprintf.o) (_printf_i)
c:/st/stm32cubeide_1.7.0/stm32cubeide/plugins/com.st.stm32cube.ide.mcu.externaltools.gnu-tools-for-stm32.9-2020-q2-update.win32_2.0.0.202105311346/tools/bin/../lib/gcc/arm-none-eabi/9.3.1/../../../../arm-none-eabi/lib/thumb/v6-m/nofp\libc_nano.a(lib_a-memchr-stub.o)
                              c:/st/stm32cubeide_1.7.0/stm32cubeide/plugins/com.st.stm32cube.ide.mcu.externaltools.gnu-tools-for-stm32.9-2020-q2-update.win32_2.0.0.202105311346/tools/bin/../lib/gcc/arm-none-eabi/9.3.1/../../../../arm-none-eabi/lib/thumb/v6-m/nofp\libc_nano.a(lib_a-nano-svfprintf.o) (memchr)
[...]
Memory Configuration

Name             Origin             Length             Attributes
RAM              0x0000000020000000 0x0000000000001800 xrw
FLASH            0x0000000008000000 0x0000000000008000 xr
*default*        0x0000000000000000 0xffffffffffffffff

Linker script and memory map

LOAD c:/st/stm32cubeide_1.7.0/stm32cubeide/plugins/com.st.stm32cube.ide.mcu.externaltools.gnu-tools-for-stm32.9-2020-q2-update.win32_2.0.0.202105311346/tools/bin/../lib/gcc/arm-none-eabi/9.3.1/thumb/v6-m/nofp/crti.o
LOAD c:/st/stm32cubeide_1.7.0/stm32cubeide/plugins/com.st.stm32cube.ide.mcu.externaltools.gnu-tools-for-stm32.9-2020-q2-update.win32_2.0.0.202105311346/tools/bin/../lib/gcc/arm-none-eabi/9.3.1/thumb/v6-m/nofp/crtbegin.o
LOAD c:/st/stm32cubeide_1.7.0/stm32cubeide/plugins/com.st.stm32cube.ide.mcu.externaltools.gnu-tools-for-stm32.9-2020-q2-update.win32_2.0.0.202105311346/tools/bin/../lib/gcc/arm-none-eabi/9.3.1/../../../../arm-none-eabi/lib/thumb/v6-m/nofp/crt0.o
LOAD ./Core/Src/main.o
LOAD ./Core/Src/ssd1306.o
LOAD ./Core/Src/ssd1306_fonts.o
LOAD ./Core/Src/stm32f0xx_hal_msp.o
LOAD ./Core/Src/stm32f0xx_it.o
LOAD ./Core/Src/syscalls.o
LOAD ./Core/Src/sysmem.o
LOAD ./Core/Src/system_stm32f0xx.o
LOAD ./Core/Startup/startup_stm32f042k6tx.o
LOAD ./Drivers/STM32F0xx_HAL_Driver/Src/stm32f0xx_hal.o
LOAD ./Drivers/STM32F0xx_HAL_Driver/Src/stm32f0xx_hal_can.o
LOAD ./Drivers/STM32F0xx_HAL_Driver/Src/stm32f0xx_hal_cortex.o
LOAD ./Drivers/STM32F0xx_HAL_Driver/Src/stm32f0xx_hal_dma.o
LOAD ./Drivers/STM32F0xx_HAL_Driver/Src/stm32f0xx_hal_exti.o
LOAD ./Drivers/STM32F0xx_HAL_Driver/Src/stm32f0xx_hal_flash.o
LOAD ./Drivers/STM32F0xx_HAL_Driver/Src/stm32f0xx_hal_flash_ex.o
LOAD ./Drivers/STM32F0xx_HAL_Driver/Src/stm32f0xx_hal_gpio.o
LOAD ./Drivers/STM32F0xx_HAL_Driver/Src/stm32f0xx_hal_i2c.o
LOAD ./Drivers/STM32F0xx_HAL_Driver/Src/stm32f0xx_hal_i2c_ex.o
LOAD ./Drivers/STM32F0xx_HAL_Driver/Src/stm32f0xx_hal_pwr.o
LOAD ./Drivers/STM32F0xx_HAL_Driver/Src/stm32f0xx_hal_pwr_ex.o
LOAD ./Drivers/STM32F0xx_HAL_Driver/Src/stm32f0xx_hal_rcc.o
LOAD ./Drivers/STM32F0xx_HAL_Driver/Src/stm32f0xx_hal_rcc_ex.o
LOAD ./Drivers/STM32F0xx_HAL_Driver/Src/stm32f0xx_hal_tim.o
LOAD ./Drivers/STM32F0xx_HAL_Driver/Src/stm32f0xx_hal_tim_ex.o
LOAD ./Drivers/STM32F0xx_HAL_Driver/Src/stm32f0xx_hal_uart.o
LOAD ./Drivers/STM32F0xx_HAL_Driver/Src/stm32f0xx_hal_uart_ex.o
START GROUP
LOAD c:/st/stm32cubeide_1.7.0/stm32cubeide/plugins/com.st.stm32cube.ide.mcu.externaltools.gnu-tools-for-stm32.9-2020-q2-update.win32_2.0.0.202105311346/tools/bin/../lib/gcc/arm-none-eabi/9.3.1/../../../../arm-none-eabi/lib/thumb/v6-m/nofp\libc_nano.a
LOAD c:/st/stm32cubeide_1.7.0/stm32cubeide/plugins/com.st.stm32cube.ide.mcu.externaltools.gnu-tools-for-stm32.9-2020-q2-update.win32_2.0.0.202105311346/tools/bin/../lib/gcc/arm-none-eabi/9.3.1/../../../../arm-none-eabi/lib/thumb/v6-m/nofp\libm.a
END GROUP
START GROUP
LOAD c:/st/stm32cubeide_1.7.0/stm32cubeide/plugins/com.st.stm32cube.ide.mcu.externaltools.gnu-tools-for-stm32.9-2020-q2-update.win32_2.0.0.202105311346/tools/bin/../lib/gcc/arm-none-eabi/9.3.1/thumb/v6-m/nofp\libgcc.a
LOAD c:/st/stm32cubeide_1.7.0/stm32cubeide/plugins/com.st.stm32cube.ide.mcu.externaltools.gnu-tools-for-stm32.9-2020-q2-update.win32_2.0.0.202105311346/tools/bin/../lib/gcc/arm-none-eabi/9.3.1/../../../../arm-none-eabi/lib/thumb/v6-m/nofp\libc_nano.a
END GROUP
START GROUP
LOAD c:/st/stm32cubeide_1.7.0/stm32cubeide/plugins/com.st.stm32cube.ide.mcu.externaltools.gnu-tools-for-stm32.9-2020-q2-update.win32_2.0.0.202105311346/tools/bin/../lib/gcc/arm-none-eabi/9.3.1/thumb/v6-m/nofp\libgcc.a
LOAD c:/st/stm32cubeide_1.7.0/stm32cubeide/plugins/com.st.stm32cube.ide.mcu.externaltools.gnu-tools-for-stm32.9-2020-q2-update.win32_2.0.0.202105311346/tools/bin/../lib/gcc/arm-none-eabi/9.3.1/../../../../arm-none-eabi/lib/thumb/v6-m/nofp\libc_nano.a
LOAD c:/st/stm32cubeide_1.7.0/stm32cubeide/plugins/com.st.stm32cube.ide.mcu.externaltools.gnu-tools-for-stm32.9-2020-q2-update.win32_2.0.0.202105311346/tools/bin/../lib/gcc/arm-none-eabi/9.3.1/../../../../arm-none-eabi/lib/thumb/v6-m/nofp\libnosys.a
END GROUP
START GROUP
LOAD c:/st/stm32cubeide_1.7.0/stm32cubeide/plugins/com.st.stm32cube.ide.mcu.externaltools.gnu-tools-for-stm32.9-2020-q2-update.win32_2.0.0.202105311346/tools/bin/../lib/gcc/arm-none-eabi/9.3.1/thumb/v6-m/nofp\libgcc.a
LOAD c:/st/stm32cubeide_1.7.0/stm32cubeide/plugins/com.st.stm32cube.ide.mcu.externaltools.gnu-tools-for-stm32.9-2020-q2-update.win32_2.0.0.202105311346/tools/bin/../lib/gcc/arm-none-eabi/9.3.1/../../../../arm-none-eabi/lib/thumb/v6-m/nofp\libc_nano.a
LOAD c:/st/stm32cubeide_1.7.0/stm32cubeide/plugins/com.st.stm32cube.ide.mcu.externaltools.gnu-tools-for-stm32.9-2020-q2-update.win32_2.0.0.202105311346/tools/bin/../lib/gcc/arm-none-eabi/9.3.1/../../../../arm-none-eabi/lib/thumb/v6-m/nofp\libnosys.a
END GROUP
LOAD c:/st/stm32cubeide_1.7.0/stm32cubeide/plugins/com.st.stm32cube.ide.mcu.externaltools.gnu-tools-for-stm32.9-2020-q2-update.win32_2.0.0.202105311346/tools/bin/../lib/gcc/arm-none-eabi/9.3.1/thumb/v6-m/nofp/crtend.o
LOAD c:/st/stm32cubeide_1.7.0/stm32cubeide/plugins/com.st.stm32cube.ide.mcu.externaltools.gnu-tools-for-stm32.9-2020-q2-update.win32_2.0.0.202105311346/tools/bin/../lib/gcc/arm-none-eabi/9.3.1/thumb/v6-m/nofp/crtn.o
                0x0000000020001800                _estack = (ORIGIN (RAM) + LENGTH (RAM))
                0x0000000000000200                _Min_Heap_Size = 0x200
                0x0000000000000400                _Min_Stack_Size = 0x400

.isr_vector     0x0000000008000000       0xc0
                0x0000000008000000                . = ALIGN (0x4)
 *(.isr_vector)
 .isr_vector    0x0000000008000000       0xc0 ./Core/Startup/startup_stm32f042k6tx.o
                0x0000000008000000                g_pfnVectors
                0x00000000080000c0                . = ALIGN (0x4)

.text           0x00000000080000c0     0x50d8
                0x00000000080000c0                . = ALIGN (0x4)
 *(.text)
 .text          0x00000000080000c0       0x48 c:/st/stm32cubeide_1.7.0/stm32cubeide/plugins/com.st.stm32cube.ide.mcu.externaltools.gnu-tools-for-stm32.9-2020-q2-update.win32_2.0.0.202105311346/tools/bin/../lib/gcc/arm-none-eabi/9.3.1/thumb/v6-m/nofp/crtbegin.o
 .text          0x0000000008000108       0x14 c:/st/stm32cubeide_1.7.0/stm32cubeide/plugins/com.st.stm32cube.ide.mcu.externaltools.gnu-tools-for-stm32.9-2020-q2-update.win32_2.0.0.202105311346/tools/bin/../lib/gcc/arm-none-eabi/9.3.1/thumb/v6-m/nofp\libgcc.a(_thumb1_case_shi.o)
                0x0000000008000108                __gnu_thumb1_case_shi
 .text          0x000000000800011c      0x114 c:/st/stm32cubeide_1.7.0/stm32cubeide/plugins/com.st.stm32cube.ide.mcu.externaltools.gnu-tools-for-stm32.9-2020-q2-update.win32_2.0.0.202105311346/tools/bin/../lib/gcc/arm-none-eabi/9.3.1/thumb/v6-m/nofp\libgcc.a(_udivsi3.o)
                0x000000000800011c                __aeabi_uidiv
                0x000000000800011c                __udivsi3
                0x0000000008000228                __aeabi_uidivmod
 .text          0x0000000008000230      0x1d4 c:/st/stm32cubeide_1.7.0/stm32cubeide/plugins/com.st.stm32cube.ide.mcu.externaltools.gnu-tools-for-stm32.9-2020-q2-update.win32_2.0.0.202105311346/tools/bin/../lib/gcc/arm-none-eabi/9.3.1/thumb/v6-m/nofp\libgcc.a(_divsi3.o)
                0x0000000008000230                __divsi3
                0x0000000008000230                __aeabi_idiv
                0x00000000080003fc                __aeabi_idivmod
 .text          0x0000000008000404        0x4 c:/st/stm32cubeide_1.7.0/stm32cubeide/plugins/com.st.stm32cube.ide.mcu.externaltools.gnu-tools-for-stm32.9-2020-q2-update.win32_2.0.0.202105311346/tools/bin/../lib/gcc/arm-none-eabi/9.3.1/thumb/v6-m/nofp\libgcc.a(_dvmd_tls.o)
                0x0000000008000404                __aeabi_idiv0
                0x0000000008000404                __aeabi_ldiv0
 *(.text*)
 .text.HAL_CAN_RxFifo0MsgPendingCallback
                0x0000000008000408       0x4c ./Core/Src/main.o
                0x0000000008000408                HAL_CAN_RxFifo0MsgPendingCallback
 .text.EXTI4_15_IRQHandler
                0x0000000008000454       0x4c ./Core/Src/main.o
                0x0000000008000454                EXTI4_15_IRQHandler
 .text.canFilterInit
                0x00000000080004a0       0x6c ./Core/Src/main.o
                0x00000000080004a0                canFilterInit
 .text.byte2Data
                0x000000000800050c       0x30 ./Core/Src/main.o
                0x000000000800050c                byte2Data
 .text.getIntValue
                0x000000000800053c       0x2c ./Core/Src/main.o
                0x000000000800053c                getIntValue
 .text.getDecValue
                0x0000000008000568       0x3e ./Core/Src/main.o
                0x0000000008000568                getDecValue
 *fill*         0x00000000080005a6        0x2 
 .text.getData  0x00000000080005a8      0x12c ./Core/Src/main.o
                0x00000000080005a8                getData
 .text.printText
                0x00000000080006d4       0x38 ./Core/Src/main.o
                0x00000000080006d4                printText
 .text.printTextLarge
                0x000000000800070c       0x38 ./Core/Src/main.o
                0x000000000800070c                printTextLarge
 .text.printTextSmall
                0x0000000008000744       0x38 ./Core/Src/main.o
                0x0000000008000744                printTextSmall
 .text.printDataDigitalLarge
                0x000000000800077c       0x80 ./Core/Src/main.o
                0x000000000800077c                printDataDigitalLarge
 .text.printDataMin
                0x00000000080007fc       0x80 ./Core/Src/main.o
                0x00000000080007fc                printDataMin
 .text.printDataMax
                0x000000000800087c       0x80 ./Core/Src/main.o
                0x000000000800087c                printDataMax
 .text.printBarGraph
                0x00000000080008fc      0x140 ./Core/Src/main.o
                0x00000000080008fc                printBarGraph
 .text.printBarMinMax
                0x0000000008000a3c       0x9c ./Core/Src/main.o
                0x0000000008000a3c                printBarMinMax
 .text.getPercent
                0x0000000008000ad8       0x58 ./Core/Src/main.o
                0x0000000008000ad8                getPercent
 .text.getMinMax
                0x0000000008000b30       0xf4 ./Core/Src/main.o
                0x0000000008000b30                getMinMax
 .text.printStartup
                0x0000000008000c24       0x44 ./Core/Src/main.o
                0x0000000008000c24                printStartup
 .text.getPercentMinMax
                0x0000000008000c68       0x6c ./Core/Src/main.o
                0x0000000008000c68                getPercentMinMax
 .text.updateGauge
                0x0000000008000cd4      0x25c ./Core/Src/main.o
                0x0000000008000cd4                updateGauge
 .text.main     0x0000000008000f30      0x16c ./Core/Src/main.o
                0x0000000008000f30                main
 .text.SystemClock_Config
                0x000000000800109c       0xae ./Core/Src/main.o
                0x000000000800109c                SystemClock_Config
 *fill*         0x000000000800114a        0x2 
 .text.MX_CAN_Init
                0x000000000800114c       0x70 ./Core/Src/main.o
 .text.MX_I2C1_Init
                0x00000000080011bc       0x80 ./Core/Src/main.o
 .text.MX_USART2_UART_Init
                0x000000000800123c       0x60 ./Core/Src/main.o
 .text.MX_GPIO_Init
                0x000000000800129c       0xdc ./Core/Src/main.o
 .text.Error_Handler
                0x0000000008001378        0xa ./Core/Src/main.o
                0x0000000008001378                Error_Handler
 .text.ssd1306_Reset
                0x0000000008001382        0xa ./Core/Src/ssd1306.o
                0x0000000008001382                ssd1306_Reset
 .text.ssd1306_WriteCommand
                0x000000000800138c       0x34 ./Core/Src/ssd1306.o
                0x000000000800138c                ssd1306_WriteCommand
 .text.ssd1306_WriteData
                0x00000000080013c0       0x34 ./Core/Src/ssd1306.o
                0x00000000080013c0                ssd1306_WriteData
 .text.ssd1306_Init
                0x00000000080013f4       0xd8 ./Core/Src/ssd1306.o
                0x00000000080013f4                ssd1306_Init
 .text.ssd1306_Fill
                0x00000000080014cc       0x48 ./Core/Src/ssd1306.o
                0x00000000080014cc                ssd1306_Fill
 .text.ssd1306_UpdateScreen
                0x0000000008001514       0x64 ./Core/Src/ssd1306.o
                0x0000000008001514                ssd1306_UpdateScreen
 .text.ssd1306_DrawPixel
                0x0000000008001578       0xf4 ./Core/Src/ssd1306.o
                0x0000000008001578                ssd1306_DrawPixel
 .text.ssd1306_WriteChar
                0x000000000800166c      0x134 ./Core/Src/ssd1306.o
                0x000000000800166c                ssd1306_WriteChar
 .text.ssd1306_WriteString
                0x00000000080017a0       0x54 ./Core/Src/ssd1306.o
                0x00000000080017a0                ssd1306_WriteString
 .text.ssd1306_SetCursor
                0x00000000080017f4       0x34 ./Core/Src/ssd1306.o
                0x00000000080017f4                ssd1306_SetCursor
 .text.ssd1306_SetContrast
                0x0000000008001828       0x30 ./Core/Src/ssd1306.o
                0x0000000008001828                ssd1306_SetContrast
 .text.ssd1306_SetDisplayOn
                0x0000000008001858       0x4c ./Core/Src/ssd1306.o
                0x0000000008001858                ssd1306_SetDisplayOn
 .text.HAL_MspInit
                0x00000000080018a4       0x48 ./Core/Src/stm32f0xx_hal_msp.o
                0x00000000080018a4                HAL_MspInit
 .text.HAL_CAN_MspInit
                0x00000000080018ec       0xac ./Core/Src/stm32f0xx_hal_msp.o
                0x00000000080018ec                HAL_CAN_MspInit
 .text.HAL_I2C_MspInit
                0x0000000008001998       0x9c ./Core/Src/stm32f0xx_hal_msp.o
                0x0000000008001998                HAL_I2C_MspInit
 .text.HAL_UART_MspInit
                0x0000000008001a34       0x9c ./Core/Src/stm32f0xx_hal_msp.o
                0x0000000008001a34                HAL_UART_MspInit
 .text.NMI_Handler
                0x0000000008001ad0        0x6 ./Core/Src/stm32f0xx_it.o
                0x0000000008001ad0                NMI_Handler
 .text.HardFault_Handler
                0x0000000008001ad6        0x6 ./Core/Src/stm32f0xx_it.o
                0x0000000008001ad6                HardFault_Handler
 .text.SVC_Handler
                0x0000000008001adc        0xa ./Core/Src/stm32f0xx_it.o
                0x0000000008001adc                SVC_Handler
 .text.PendSV_Handler
                0x0000000008001ae6        0xa ./Core/Src/stm32f0xx_it.o
                0x0000000008001ae6                PendSV_Handler
 .text.SysTick_Handler
                0x0000000008001af0        0xe ./Core/Src/stm32f0xx_it.o
                0x0000000008001af0                SysTick_Handler
 *fill*         0x0000000008001afe        0x2 
 .text.CEC_CAN_IRQHandler
                0x0000000008001b00       0x18 ./Core/Src/stm32f0xx_it.o
                0x0000000008001b00                CEC_CAN_IRQHandler
 .text._sbrk    0x0000000008001b18       0x6c ./Core/Src/sysmem.o
                0x0000000008001b18                _sbrk
 .text.SystemInit
                0x0000000008001b84        0xa ./Core/Src/system_stm32f0xx.o
                0x0000000008001b84                SystemInit
 *fill*         0x0000000008001b8e        0x2 
 .text.Reset_Handler
                0x0000000008001b90       0x80 ./Core/Startup/startup_stm32f042k6tx.o
                0x0000000008001b90                Reset_Handler
 .text.Default_Handler
                0x0000000008001c10        0x2 ./Core/Startup/startup_stm32f042k6tx.o
                0x0000000008001c10                TIM1_CC_IRQHandler
                0x0000000008001c10                TSC_IRQHandler
                0x0000000008001c10                I2C1_IRQHandler
                0x0000000008001c10                RCC_CRS_IRQHandler
                0x0000000008001c10                SPI1_IRQHandler
                0x0000000008001c10                EXTI2_3_IRQHandler
                0x0000000008001c10                ADC1_IRQHandler
                0x0000000008001c10                TIM17_IRQHandler
                0x0000000008001c10                RTC_IRQHandler
                0x0000000008001c10                PVD_VDDIO2_IRQHandler
                0x0000000008001c10                TIM16_IRQHandler
                0x0000000008001c10                TIM3_IRQHandler
                0x0000000008001c10                DMA1_Channel1_IRQHandler
                0x0000000008001c10                Default_Handler
                0x0000000008001c10                TIM14_IRQHandler
                0x0000000008001c10                DMA1_Channel4_5_IRQHandler
                0x0000000008001c10                EXTI0_1_IRQHandler
                0x0000000008001c10                USB_IRQHandler
                0x0000000008001c10                SPI2_IRQHandler
                0x0000000008001c10                WWDG_IRQHandler
                0x0000000008001c10                TIM2_IRQHandler
                0x0000000008001c10                DMA1_Channel2_3_IRQHandler
                0x0000000008001c10                USART2_IRQHandler
                0x0000000008001c10                FLASH_IRQHandler
                0x0000000008001c10                USART1_IRQHandler
                0x0000000008001c10                TIM1_BRK_UP_TRG_COM_IRQHandler
 *fill*         0x0000000008001c12        0x2 
 .text.HAL_Init
                0x0000000008001c14       0x28 ./Drivers/STM32F0xx_HAL_Driver/Src/stm32f0xx_hal.o
                0x0000000008001c14                HAL_Init
 .text.HAL_InitTick
                0x0000000008001c3c       0x68 ./Drivers/STM32F0xx_HAL_Driver/Src/stm32f0xx_hal.o
                0x0000000008001c3c                HAL_InitTick
 .text.HAL_IncTick
                0x0000000008001ca4       0x24 ./Drivers/STM32F0xx_HAL_Driver/Src/stm32f0xx_hal.o
                0x0000000008001ca4                HAL_IncTick
 .text.HAL_GetTick
                0x0000000008001cc8       0x14 ./Drivers/STM32F0xx_HAL_Driver/Src/stm32f0xx_hal.o
                0x0000000008001cc8                HAL_GetTick
 .text.HAL_Delay
                0x0000000008001cdc       0x48 ./Drivers/STM32F0xx_HAL_Driver/Src/stm32f0xx_hal.o
                0x0000000008001cdc                HAL_Delay
 .text.HAL_CAN_Init
                0x0000000008001d24      0x1fc ./Drivers/STM32F0xx_HAL_Driver/Src/stm32f0xx_hal_can.o
                0x0000000008001d24                HAL_CAN_Init
 .text.HAL_CAN_ConfigFilter
                0x0000000008001f20      0x1e4 ./Drivers/STM32F0xx_HAL_Driver/Src/stm32f0xx_hal_can.o
                0x0000000008001f20                HAL_CAN_ConfigFilter
 .text.HAL_CAN_Start
                0x0000000008002104       0x8c ./Drivers/STM32F0xx_HAL_Driver/Src/stm32f0xx_hal_can.o
                0x0000000008002104                HAL_CAN_Start
 .text.HAL_CAN_GetRxMessage
                0x0000000008002190      0x238 ./Drivers/STM32F0xx_HAL_Driver/Src/stm32f0xx_hal_can.o
                0x0000000008002190                HAL_CAN_GetRxMessage
 .text.HAL_CAN_ActivateNotification
                0x00000000080023c8       0x54 ./Drivers/STM32F0xx_HAL_Driver/Src/stm32f0xx_hal_can.o
                0x00000000080023c8                HAL_CAN_ActivateNotification
 .text.HAL_CAN_IRQHandler
                0x000000000800241c      0x368 ./Drivers/STM32F0xx_HAL_Driver/Src/stm32f0xx_hal_can.o
                0x000000000800241c                HAL_CAN_IRQHandler
 .text.HAL_CAN_TxMailbox0CompleteCallback
                0x0000000008002784       0x10 ./Drivers/STM32F0xx_HAL_Driver/Src/stm32f0xx_hal_can.o
                0x0000000008002784                HAL_CAN_TxMailbox0CompleteCallback
 .text.HAL_CAN_TxMailbox1CompleteCallback
                0x0000000008002794       0x10 ./Drivers/STM32F0xx_HAL_Driver/Src/stm32f0xx_hal_can.o
                0x0000000008002794                HAL_CAN_TxMailbox1CompleteCallback
 .text.HAL_CAN_TxMailbox2CompleteCallback
                0x00000000080027a4       0x10 ./Drivers/STM32F0xx_HAL_Driver/Src/stm32f0xx_hal_can.o
                0x00000000080027a4                HAL_CAN_TxMailbox2CompleteCallback
 .text.HAL_CAN_TxMailbox0AbortCallback
                0x00000000080027b4       0x10 ./Drivers/STM32F0xx_HAL_Driver/Src/stm32f0xx_hal_can.o
                0x00000000080027b4                HAL_CAN_TxMailbox0AbortCallback
 .text.HAL_CAN_TxMailbox1AbortCallback
                0x00000000080027c4       0x10 ./Drivers/STM32F0xx_HAL_Driver/Src/stm32f0xx_hal_can.o
                0x00000000080027c4                HAL_CAN_TxMailbox1AbortCallback
 .text.HAL_CAN_TxMailbox2AbortCallback
                0x00000000080027d4       0x10 ./Drivers/STM32F0xx_HAL_Driver/Src/stm32f0xx_hal_can.o
                0x00000000080027d4                HAL_CAN_TxMailbox2AbortCallback
 .text.HAL_CAN_RxFifo0FullCallback
                0x00000000080027e4       0x10 ./Drivers/STM32F0xx_HAL_Driver/Src/stm32f0xx_hal_can.o
                0x00000000080027e4                HAL_CAN_RxFifo0FullCallback
 .text.HAL_CAN_RxFifo1MsgPendingCallback
                0x00000000080027f4       0x10 ./Drivers/STM32F0xx_HAL_Driver/Src/stm32f0xx_hal_can.o
                0x00000000080027f4                HAL_CAN_RxFifo1MsgPendingCallback
 .text.HAL_CAN_RxFifo1FullCallback
                0x0000000008002804       0x10 ./Drivers/STM32F0xx_HAL_Driver/Src/stm32f0xx_hal_can.o
                0x0000000008002804                HAL_CAN_RxFifo1FullCallback
 .text.HAL_CAN_SleepCallback
                0x0000000008002814       0x10 ./Drivers/STM32F0xx_HAL_Driver/Src/stm32f0xx_hal_can.o
                0x0000000008002814                HAL_CAN_SleepCallback
 .text.HAL_CAN_WakeUpFromRxMsgCallback
                0x0000000008002824       0x10 ./Drivers/STM32F0xx_HAL_Driver/Src/stm32f0xx_hal_can.o
                0x0000000008002824                HAL_CAN_WakeUpFromRxMsgCallback
 .text.HAL_CAN_ErrorCallback
                0x0000000008002834       0x10 ./Drivers/STM32F0xx_HAL_Driver/Src/stm32f0xx_hal_can.o
                0x0000000008002834                HAL_CAN_ErrorCallback
 .text.__NVIC_EnableIRQ
                0x0000000008002844       0x34 ./Drivers/STM32F0xx_HAL_Driver/Src/stm32f0xx_hal_cortex.o
 .text.__NVIC_SetPriority
                0x0000000008002878       0xdc ./Drivers/STM32F0xx_HAL_Driver/Src/stm32f0xx_hal_cortex.o
 .text.SysTick_Config
                0x0000000008002954       0x48 ./Drivers/STM32F0xx_HAL_Driver/Src/stm32f0xx_hal_cortex.o
 .text.HAL_NVIC_SetPriority
                0x000000000800299c       0x2a ./Drivers/STM32F0xx_HAL_Driver/Src/stm32f0xx_hal_cortex.o
                0x000000000800299c                HAL_NVIC_SetPriority
 .text.HAL_NVIC_EnableIRQ
                0x00000000080029c6       0x20 ./Drivers/STM32F0xx_HAL_Driver/Src/stm32f0xx_hal_cortex.o
                0x00000000080029c6                HAL_NVIC_EnableIRQ
 .text.HAL_SYSTICK_Config
                0x00000000080029e6       0x1a ./Drivers/STM32F0xx_HAL_Driver/Src/stm32f0xx_hal_cortex.o
                0x00000000080029e6                HAL_SYSTICK_Config
 .text.HAL_GPIO_Init
                0x0000000008002a00      0x2d0 ./Drivers/STM32F0xx_HAL_Driver/Src/stm32f0xx_hal_gpio.o
                0x0000000008002a00                HAL_GPIO_Init
 .text.HAL_GPIO_WritePin
                0x0000000008002cd0       0x3a ./Drivers/STM32F0xx_HAL_Driver/Src/stm32f0xx_hal_gpio.o
                0x0000000008002cd0                HAL_GPIO_WritePin
 .text.HAL_GPIO_TogglePin
                0x0000000008002d0a       0x36 ./Drivers/STM32F0xx_HAL_Driver/Src/stm32f0xx_hal_gpio.o
                0x0000000008002d0a                HAL_GPIO_TogglePin
 .text.HAL_GPIO_EXTI_IRQHandler
                0x0000000008002d40       0x38 ./Drivers/STM32F0xx_HAL_Driver/Src/stm32f0xx_hal_gpio.o
                0x0000000008002d40                HAL_GPIO_EXTI_IRQHandler
 .text.HAL_GPIO_EXTI_Callback
                0x0000000008002d78       0x14 ./Drivers/STM32F0xx_HAL_Driver/Src/stm32f0xx_hal_gpio.o
                0x0000000008002d78                HAL_GPIO_EXTI_Callback
 .text.HAL_I2C_Init
                0x0000000008002d8c      0x12c ./Drivers/STM32F0xx_HAL_Driver/Src/stm32f0xx_hal_i2c.o
                0x0000000008002d8c                HAL_I2C_Init
 .text.HAL_I2C_Mem_Write
                0x0000000008002eb8      0x25c ./Drivers/STM32F0xx_HAL_Driver/Src/stm32f0xx_hal_i2c.o
                0x0000000008002eb8                HAL_I2C_Mem_Write
 .text.I2C_RequestMemoryWrite
                0x0000000008003114       0xc8 ./Drivers/STM32F0xx_HAL_Driver/Src/stm32f0xx_hal_i2c.o
 .text.I2C_Flush_TXDR
                0x00000000080031dc       0x44 ./Drivers/STM32F0xx_HAL_Driver/Src/stm32f0xx_hal_i2c.o
 .text.I2C_WaitOnFlagUntilTimeout
                0x0000000008003220       0x7e ./Drivers/STM32F0xx_HAL_Driver/Src/stm32f0xx_hal_i2c.o
 .text.I2C_WaitOnTXISFlagUntilTimeout
                0x000000000800329e       0x7e ./Drivers/STM32F0xx_HAL_Driver/Src/stm32f0xx_hal_i2c.o
 .text.I2C_WaitOnSTOPFlagUntilTimeout
                0x000000000800331c       0x78 ./Drivers/STM32F0xx_HAL_Driver/Src/stm32f0xx_hal_i2c.o
 .text.I2C_IsAcknowledgeFailed
                0x0000000008003394       0xf4 ./Drivers/STM32F0xx_HAL_Driver/Src/stm32f0xx_hal_i2c.o
 .text.I2C_TransferConfig
                0x0000000008003488       0x6c ./Drivers/STM32F0xx_HAL_Driver/Src/stm32f0xx_hal_i2c.o
 .text.HAL_I2CEx_ConfigAnalogFilter
                0x00000000080034f4       0x98 ./Drivers/STM32F0xx_HAL_Driver/Src/stm32f0xx_hal_i2c_ex.o
                0x00000000080034f4                HAL_I2CEx_ConfigAnalogFilter
 .text.HAL_I2CEx_ConfigDigitalFilter
                0x000000000800358c       0x98 ./Drivers/STM32F0xx_HAL_Driver/Src/stm32f0xx_hal_i2c_ex.o
                0x000000000800358c                HAL_I2CEx_ConfigDigitalFilter
 .text.HAL_RCC_OscConfig
                0x0000000008003624      0x70c ./Drivers/STM32F0xx_HAL_Driver/Src/stm32f0xx_hal_rcc.o
                0x0000000008003624                HAL_RCC_OscConfig
 .text.HAL_RCC_ClockConfig
                0x0000000008003d30      0x1b4 ./Drivers/STM32F0xx_HAL_Driver/Src/stm32f0xx_hal_rcc.o
                0x0000000008003d30                HAL_RCC_ClockConfig
 .text.HAL_RCC_GetSysClockFreq
                0x0000000008003ee4      0x100 ./Drivers/STM32F0xx_HAL_Driver/Src/stm32f0xx_hal_rcc.o
                0x0000000008003ee4                HAL_RCC_GetSysClockFreq
 .text.HAL_RCC_GetHCLKFreq
                0x0000000008003fe4       0x14 ./Drivers/STM32F0xx_HAL_Driver/Src/stm32f0xx_hal_rcc.o
                0x0000000008003fe4                HAL_RCC_GetHCLKFreq
 .text.HAL_RCC_GetPCLK1Freq
                0x0000000008003ff8       0x2c ./Drivers/STM32F0xx_HAL_Driver/Src/stm32f0xx_hal_rcc.o
                0x0000000008003ff8                HAL_RCC_GetPCLK1Freq
 .text.HAL_RCCEx_PeriphCLKConfig
                0x0000000008004024      0x1dc ./Drivers/STM32F0xx_HAL_Driver/Src/stm32f0xx_hal_rcc_ex.o
                0x0000000008004024                HAL_RCCEx_PeriphCLKConfig
 .text.HAL_UART_Init
                0x0000000008004200       0xa8 ./Drivers/STM32F0xx_HAL_Driver/Src/stm32f0xx_hal_uart.o
                0x0000000008004200                HAL_UART_Init
 .text.UART_SetConfig
                0x00000000080042a8      0x280 ./Drivers/STM32F0xx_HAL_Driver/Src/stm32f0xx_hal_uart.o
                0x00000000080042a8                UART_SetConfig
 .text.UART_AdvFeatureConfig
                0x0000000008004528      0x168 ./Drivers/STM32F0xx_HAL_Driver/Src/stm32f0xx_hal_uart.o
                0x0000000008004528                UART_AdvFeatureConfig
 .text.UART_CheckIdleState
                0x0000000008004690       0x90 ./Drivers/STM32F0xx_HAL_Driver/Src/stm32f0xx_hal_uart.o
                0x0000000008004690                UART_CheckIdleState
 .text.UART_WaitOnFlagUntilTimeout
                0x0000000008004720      0x188 ./Drivers/STM32F0xx_HAL_Driver/Src/stm32f0xx_hal_uart.o
                0x0000000008004720                UART_WaitOnFlagUntilTimeout
 .text.__errno  0x00000000080048a8        0xc c:/st/stm32cubeide_1.7.0/stm32cubeide/plugins/com.st.stm32cube.ide.mcu.externaltools.gnu-tools-for-stm32.9-2020-q2-update.win32_2.0.0.202105311346/tools/bin/../lib/gcc/arm-none-eabi/9.3.1/../../../../arm-none-eabi/lib/thumb/v6-m/nofp\libc_nano.a(lib_a-errno.o)
                0x00000000080048a8                __errno
 .text.__libc_init_array
                0x00000000080048b4       0x48 c:/st/stm32cubeide_1.7.0/stm32cubeide/plugins/com.st.stm32cube.ide.mcu.externaltools.gnu-tools-for-stm32.9-2020-q2-update.win32_2.0.0.202105311346/tools/bin/../lib/gcc/arm-none-eabi/9.3.1/../../../../arm-none-eabi/lib/thumb/v6-m/nofp\libc_nano.a(lib_a-init.o)
                0x00000000080048b4                __libc_init_array
 .text.memcpy   0x00000000080048fc       0x12 c:/st/stm32cubeide_1.7.0/stm32cubeide/plugins/com.st.stm32cube.ide.mcu.externaltools.gnu-tools-for-stm32.9-2020-q2-update.win32_2.0.0.202105311346/tools/bin/../lib/gcc/arm-none-eabi/9.3.1/../../../../arm-none-eabi/lib/thumb/v6-m/nofp\libc_nano.a(lib_a-memcpy-stub.o)
                0x00000000080048fc                memcpy
 .text.memset   0x000000000800490e       0x10 c:/st/stm32cubeide_1.7.0/stm32cubeide/plugins/com.st.stm32cube.ide.mcu.externaltools.gnu-tools-for-stm32.9-2020-q2-update.win32_2.0.0.202105311346/tools/bin/../lib/gcc/arm-none-eabi/9.3.1/../../../../arm-none-eabi/lib/thumb/v6-m/nofp\libc_nano.a(lib_a-memset.o)
                0x000000000800490e                memset
 *fill*         0x000000000800491e        0x2 
 .text.snprintf
                0x0000000008004920       0x68 c:/st/stm32cubeide_1.7.0/stm32cubeide/plugins/com.st.stm32cube.ide.mcu.externaltools.gnu-tools-for-stm32.9-2020-q2-update.win32_2.0.0.202105311346/tools/bin/../lib/gcc/arm-none-eabi/9.3.1/../../../../arm-none-eabi/lib/thumb/v6-m/nofp\libc_nano.a(lib_a-snprintf.o)
                0x0000000008004920                sniprintf
                0x0000000008004920                snprintf
 .text.__ssputs_r
                0x0000000008004988       0xc4 c:/st/stm32cubeide_1.7.0/stm32cubeide/plugins/com.st.stm32cube.ide.mcu.externaltools.gnu-tools-for-stm32.9-2020-q2-update.win32_2.0.0.202105311346/tools/bin/../lib/gcc/arm-none-eabi/9.3.1/../../../../arm-none-eabi/lib/thumb/v6-m/nofp\libc_nano.a(lib_a-nano-svfprintf.o)
                0x0000000008004988                __ssputs_r
 .text._svfprintf_r
                0x0000000008004a4c      0x200 c:/st/stm32cubeide_1.7.0/stm32cubeide/plugins/com.st.stm32cube.ide.mcu.externaltools.gnu-tools-for-stm32.9-2020-q2-update.win32_2.0.0.202105311346/tools/bin/../lib/gcc/arm-none-eabi/9.3.1/../../../../arm-none-eabi/lib/thumb/v6-m/nofp\libc_nano.a(lib_a-nano-svfprintf.o)
                0x0000000008004a4c                _svfiprintf_r
                0x0000000008004a4c                _svfprintf_r
 .text._printf_common
                0x0000000008004c4c       0xde c:/st/stm32cubeide_1.7.0/stm32cubeide/plugins/com.st.stm32cube.ide.mcu.externaltools.gnu-tools-for-stm32.9-2020-q2-update.win32_2.0.0.202105311346/tools/bin/../lib/gcc/arm-none-eabi/9.3.1/../../../../arm-none-eabi/lib/thumb/v6-m/nofp\libc_nano.a(lib_a-nano-vfprintf_i.o)
                0x0000000008004c4c                _printf_common
 *fill*         0x0000000008004d2a        0x2 
 .text._printf_i
                0x0000000008004d2c      0x224 c:/st/stm32cubeide_1.7.0/stm32cubeide/plugins/com.st.stm32cube.ide.mcu.externaltools.gnu-tools-for-stm32.9-2020-q2-update.win32_2.0.0.202105311346/tools/bin/../lib/gcc/arm-none-eabi/9.3.1/../../../../arm-none-eabi/lib/thumb/v6-m/nofp\libc_nano.a(lib_a-nano-vfprintf_i.o)
                0x0000000008004d2c                _printf_i
 .text.memchr   0x0000000008004f50       0x16 c:/st/stm32cubeide_1.7.0/stm32cubeide/plugins/com.st.stm32cube.ide.mcu.externaltools.gnu-tools-for-stm32.9-2020-q2-update.win32_2.0.0.202105311346/tools/bin/../lib/gcc/arm-none-eabi/9.3.1/../../../../arm-none-eabi/lib/thumb/v6-m/nofp\libc_nano.a(lib_a-memchr-stub.o)
                0x0000000008004f50                memchr
 .text.memmove  0x0000000008004f66       0x26 c:/st/stm32cubeide_1.7.0/stm32cubeide/plugins/com.st.stm32cube.ide.mcu.externaltools.gnu-tools-for-stm32.9-2020-q2-update.win32_2.0.0.202105311346/tools/bin/../lib/gcc/arm-none-eabi/9.3.1/../../../../arm-none-eabi/lib/thumb/v6-m/nofp\libc_nano.a(lib_a-memmove.o)
                0x0000000008004f66                memmove
 .text._free_r  0x0000000008004f8c       0x94 c:/st/stm32cubeide_1.7.0/stm32cubeide/plugins/com.st.stm32cube.ide.mcu.externaltools.gnu-tools-for-stm32.9-2020-q2-update.win32_2.0.0.202105311346/tools/bin/../lib/gcc/arm-none-eabi/9.3.1/../../../../arm-none-eabi/lib/thumb/v6-m/nofp\libc_nano.a(lib_a-nano-freer.o)
                0x0000000008004f8c                _free_r
 .text._malloc_r
                0x0000000008005020       0xbc c:/st/stm32cubeide_1.7.0/stm32cubeide/plugins/com.st.stm32cube.ide.mcu.externaltools.gnu-tools-for-stm32.9-2020-q2-update.win32_2.0.0.202105311346/tools/bin/../lib/gcc/arm-none-eabi/9.3.1/../../../../arm-none-eabi/lib/thumb/v6-m/nofp\libc_nano.a(lib_a-nano-mallocr.o)
                0x0000000008005020                _malloc_r
 .text._realloc_r
                0x00000000080050dc       0x4c c:/st/stm32cubeide_1.7.0/stm32cubeide/plugins/com.st.stm32cube.ide.mcu.externaltools.gnu-tools-for-stm32.9-2020-q2-update.win32_2.0.0.202105311346/tools/bin/../lib/gcc/arm-none-eabi/9.3.1/../../../../arm-none-eabi/lib/thumb/v6-m/nofp\libc_nano.a(lib_a-nano-reallocr.o)
                0x00000000080050dc                _realloc_r
 .text._sbrk_r  0x0000000008005128       0x24 c:/st/stm32cubeide_1.7.0/stm32cubeide/plugins/com.st.stm32cube.ide.mcu.externaltools.gnu-tools-for-stm32.9-2020-q2-update.win32_2.0.0.202105311346/tools/bin/../lib/gcc/arm-none-eabi/9.3.1/../../../../arm-none-eabi/lib/thumb/v6-m/nofp\libc_nano.a(lib_a-sbrkr.o)
                0x0000000008005128                _sbrk_r
 .text.__malloc_lock
                0x000000000800514c       0x10 c:/st/stm32cubeide_1.7.0/stm32cubeide/plugins/com.st.stm32cube.ide.mcu.externaltools.gnu-tools-for-stm32.9-2020-q2-update.win32_2.0.0.202105311346/tools/bin/../lib/gcc/arm-none-eabi/9.3.1/../../../../arm-none-eabi/lib/thumb/v6-m/nofp\libc_nano.a(lib_a-mlock.o)
                0x000000000800514c                __malloc_lock
 .text.__malloc_unlock
                0x000000000800515c       0x10 c:/st/stm32cubeide_1.7.0/stm32cubeide/plugins/com.st.stm32cube.ide.mcu.externaltools.gnu-tools-for-stm32.9-2020-q2-update.win32_2.0.0.202105311346/tools/bin/../lib/gcc/arm-none-eabi/9.3.1/../../../../arm-none-eabi/lib/thumb/v6-m/nofp\libc_nano.a(lib_a-mlock.o)
                0x000000000800515c                __malloc_unlock
 .text._malloc_usable_size_r
                0x000000000800516c       0x10 c:/st/stm32cubeide_1.7.0/stm32cubeide/plugins/com.st.stm32cube.ide.mcu.externaltools.gnu-tools-for-stm32.9-2020-q2-update.win32_2.0.0.202105311346/tools/bin/../lib/gcc/arm-none-eabi/9.3.1/../../../../arm-none-eabi/lib/thumb/v6-m/nofp\libc_nano.a(lib_a-nano-msizer.o)
                0x000000000800516c                _malloc_usable_size_r
 .text.__retarget_lock_acquire_recursive
                0x000000000800517c        0x2 c:/st/stm32cubeide_1.7.0/stm32cubeide/plugins/com.st.stm32cube.ide.mcu.externaltools.gnu-tools-for-stm32.9-2020-q2-update.win32_2.0.0.202105311346/tools/bin/../lib/gcc/arm-none-eabi/9.3.1/../../../../arm-none-eabi/lib/thumb/v6-m/nofp\libc_nano.a(lib_a-lock.o)
                0x000000000800517c                __retarget_lock_acquire_recursive
 .text.__retarget_lock_release_recursive
                0x000000000800517e        0x2 c:/st/stm32cubeide_1.7.0/stm32cubeide/plugins/com.st.stm32cube.ide.mcu.externaltools.gnu-tools-for-stm32.9-2020-q2-update.win32_2.0.0.202105311346/tools/bin/../lib/gcc/arm-none-eabi/9.3.1/../../../../arm-none-eabi/lib/thumb/v6-m/nofp\libc_nano.a(lib_a-lock.o)
                0x000000000800517e                __retarget_lock_release_recursive
 *(.glue_7)
 .glue_7        0x0000000008005180        0x0 linker stubs
 *(.glue_7t)
 .glue_7t       0x0000000008005180        0x0 linker stubs
 *(.eh_frame)
 .eh_frame      0x0000000008005180        0x0 c:/st/stm32cubeide_1.7.0/stm32cubeide/plugins/com.st.stm32cube.ide.mcu.externaltools.gnu-tools-for-stm32.9-2020-q2-update.win32_2.0.0.202105311346/tools/bin/../lib/gcc/arm-none-eabi/9.3.1/thumb/v6-m/nofp/crtbegin.o
 *(.init)
 .init          0x0000000008005180        0x4 c:/st/stm32cubeide_1.7.0/stm32cubeide/plugins/com.st.stm32cube.ide.mcu.externaltools.gnu-tools-for-stm32.9-2020-q2-update.win32_2.0.0.202105311346/tools/bin/../lib/gcc/arm-none-eabi/9.3.1/thumb/v6-m/nofp/crti.o
                0x0000000008005180                _init
 .init          0x0000000008005184        0x8 c:/st/stm32cubeide_1.7.0/stm32cubeide/plugins/com.st.stm32cube.ide.mcu.externaltools.gnu-tools-for-stm32.9-2020-q2-update.win32_2.0.0.202105311346/tools/bin/../lib/gcc/arm-none-eabi/9.3.1/thumb/v6-m/nofp/crtn.o
 *(.fini)
 .fini          0x000000000800518c        0x4 c:/st/stm32cubeide_1.7.0/stm32cubeide/plugins/com.st.stm32cube.ide.mcu.externaltools.gnu-tools-for-stm32.9-2020-q2-update.win32_2.0.0.202105311346/tools/bin/../lib/gcc/arm-none-eabi/9.3.1/thumb/v6-m/nofp/crti.o
                0x000000000800518c                _fini
 .fini          0x0000000008005190        0x8 c:/st/stm32cubeide_1.7.0/stm32cubeide/plugins/com.st.stm32cube.ide.mcu.externaltools.gnu-tools-for-stm32.9-2020-q2-update.win32_2.0.0.202105311346/tools/bin/../lib/gcc/arm-none-eabi/9.3.1/thumb/v6-m/nofp/crtn.o
                0x0000000008005198                . = ALIGN (0x4)
                0x0000000008005198                _etext = .

.vfp11_veneer   0x0000000008005198        0x0
 .vfp11_veneer  0x0000000008005198        0x0 linker stubs

.v4_bx          0x0000000008005198        0x0
 .v4_bx         0x0000000008005198        0x0 linker stubs

.iplt           0x0000000008005198        0x0
 .iplt          0x0000000008005198        0x0 c:/st/stm32cubeide_1.7.0/stm32cubeide/plugins/com.st.stm32cube.ide.mcu.externaltools.gnu-tools-for-stm32.9-2020-q2-update.win32_2.0.0.202105311346/tools/bin/../lib/gcc/arm-none-eabi/9.3.1/thumb/v6-m/nofp/crtbegin.o

.rodata         0x0000000008005198     0x2918
                0x0000000008005198                . = ALIGN (0x4)
 *(.rodata)
 .rodata        0x0000000008005198       0x64 ./Core/Src/main.o
 .rodata        0x00000000080051fc       0x20 ./Drivers/STM32F0xx_HAL_Driver/Src/stm32f0xx_hal_rcc.o
 *(.rodata*)
 .rodata.filterID
                0x000000000800521c       0x18 ./Core/Src/main.o
                0x000000000800521c                filterID
 .rodata.getData
                0x0000000008005234       0x1c ./Core/Src/main.o
 .rodata.Font7x10
                0x0000000008005250      0x76c ./Core/Src/ssd1306_fonts.o
 .rodata.Font11x18
                0x00000000080059bc      0xd5c ./Core/Src/ssd1306_fonts.o
 .rodata.Font16x26
                0x0000000008006718     0x134c ./Core/Src/ssd1306_fonts.o
 .rodata.AHBPrescTable
                0x0000000008007a64       0x10 ./Core/Src/system_stm32f0xx.o
                0x0000000008007a64                AHBPrescTable
 .rodata.APBPrescTable
                0x0000000008007a74        0x8 ./Core/Src/system_stm32f0xx.o
                0x0000000008007a74                APBPrescTable
 .rodata._svfprintf_r.str1.1
                0x0000000008007a7c       0x11 c:/st/stm32cubeide_1.7.0/stm32cubeide/plugins/com.st.stm32cube.ide.mcu.externaltools.gnu-tools-for-stm32.9-2020-q2-update.win32_2.0.0.202105311346/tools/bin/../lib/gcc/arm-none-eabi/9.3.1/../../../../arm-none-eabi/lib/thumb/v6-m/nofp\libc_nano.a(lib_a-nano-svfprintf.o)
 .rodata._printf_i.str1.1
                0x0000000008007a8d       0x22 c:/st/stm32cubeide_1.7.0/stm32cubeide/plugins/com.st.stm32cube.ide.mcu.externaltools.gnu-tools-for-stm32.9-2020-q2-update.win32_2.0.0.202105311346/tools/bin/../lib/gcc/arm-none-eabi/9.3.1/../../../../arm-none-eabi/lib/thumb/v6-m/nofp\libc_nano.a(lib_a-nano-vfprintf_i.o)
                0x0000000008007ab0                . = ALIGN (0x4)
 *fill*         0x0000000008007aaf        0x1 

.rel.dyn        0x0000000008007ab0        0x0
 .rel.iplt      0x0000000008007ab0        0x0 c:/st/stm32cubeide_1.7.0/stm32cubeide/plugins/com.st.stm32cube.ide.mcu.externaltools.gnu-tools-for-stm32.9-2020-q2-update.win32_2.0.0.202105311346/tools/bin/../lib/gcc/arm-none-eabi/9.3.1/thumb/v6-m/nofp/crtbegin.o

.ARM.extab      0x0000000008007ab0        0x0
                0x0000000008007ab0                . = ALIGN (0x4)
 *(.ARM.extab* .gnu.linkonce.armextab.*)
                0x0000000008007ab0                . = ALIGN (0x4)

.ARM            0x0000000008007ab0        0x0
                0x0000000008007ab0                . = ALIGN (0x4)
                0x0000000008007ab0                __exidx_start = .
 *(.ARM.exidx*)
                0x0000000008007ab0                __exidx_end = .
                0x0000000008007ab0                . = ALIGN (0x4)

.preinit_array  0x0000000008007ab0        0x0
                0x0000000008007ab0                . = ALIGN (0x4)
                0x0000000008007ab0                PROVIDE (__preinit_array_start = .)
 *(.preinit_array*)
                0x0000000008007ab0                PROVIDE (__preinit_array_end = .)
                0x0000000008007ab0                . = ALIGN (0x4)

.init_array     0x0000000008007ab0        0x4
                0x0000000008007ab0                . = ALIGN (0x4)
                0x0000000008007ab0                PROVIDE (__init_array_start = .)
 *(SORT_BY_NAME(.init_array.*))
 *(.init_array*)
 .init_array    0x0000000008007ab0        0x4 c:/st/stm32cubeide_1.7.0/stm32cubeide/plugins/com.st.stm32cube.ide.mcu.externaltools.gnu-tools-for-stm32.9-2020-q2-update.win32_2.0.0.202105311346/tools/bin/../lib/gcc/arm-none-eabi/9.3.1/thumb/v6-m/nofp/crtbegin.o
                0x0000000008007ab4                PROVIDE (__init_array_end = .)
                0x0000000008007ab4                . = ALIGN (0x4)

.fini_array     0x0000000008007ab4        0x4
                0x0000000008007ab4                . = ALIGN (0x4)
                [!provide]                        PROVIDE (__fini_array_start = .)
 *(SORT_BY_NAME(.fini_array.*))
 *(.fini_array*)
 .fini_array    0x0000000008007ab4        0x4 c:/st/stm32cubeide_1.7.0/stm32cubeide/plugins/com.st.stm32cube.ide.mcu.externaltools.gnu-tools-for-stm32.9-2020-q2-update.win32_2.0.0.202105311346/tools/bin/../lib/gcc/arm-none-eabi/9.3.1/thumb/v6-m/nofp/crtbegin.o
                [!provide]                        PROVIDE (__fini_array_end = .)
                0x0000000008007ab8                . = ALIGN (0x4)
                0x0000000008007ab8                _sidata = LOADADDR (.data)

.data           0x0000000020000000      0x274 load address 0x0000000008007ab8
                0x0000000020000000                . = ALIGN (0x4)
                0x0000000020000000                _sdata = .
 *(.data)
 *(.data*)
 .data.afr      0x0000000020000000       0x34 ./Core/Src/main.o
                0x0000000020000000                afr
 .data.rpm      0x0000000020000034       0x34 ./Core/Src/main.o
                0x0000000020000034                rpm
 .data.clt      0x0000000020000068       0x34 ./Core/Src/main.o
                0x0000000020000068                clt
 .data.iat      0x000000002000009c       0x34 ./Core/Src/main.o
                0x000000002000009c                iat
 .data.tps1     0x00000000200000d0       0x34 ./Core/Src/main.o
                0x00000000200000d0                tps1
 .data.map      0x0000000020000104       0x34 ./Core/Src/main.o
                0x0000000020000104                map
 .data.timing   0x0000000020000138       0x34 ./Core/Src/main.o
                0x0000000020000138                timing
 .data.injDuty  0x000000002000016c       0x34 ./Core/Src/main.o
                0x000000002000016c                injDuty
 .data.battery  0x00000000200001a0       0x34 ./Core/Src/main.o
                0x00000000200001a0                battery
 .data.btnDebounce
                0x00000000200001d4        0x4 ./Core/Src/main.o
                0x00000000200001d4                btnDebounce
 .data.totalNumGauge
                0x00000000200001d8        0x4 ./Core/Src/main.o
                0x00000000200001d8                totalNumGauge
 .data.currentFilter
                0x00000000200001dc        0x4 ./Core/Src/main.o
                0x00000000200001dc                currentFilter
 .data.pMin     0x00000000200001e0        0x4 ./Core/Src/main.o
                0x00000000200001e0                pMin
 .data.timerMinMax
                0x00000000200001e4        0x4 ./Core/Src/main.o
                0x00000000200001e4                timerMinMax
 .data.canWaitTime
                0x00000000200001e8        0x4 ./Core/Src/main.o
                0x00000000200001e8                canWaitTime
 .data.Font_7x10
                0x00000000200001ec        0x8 ./Core/Src/ssd1306_fonts.o
                0x00000000200001ec                Font_7x10
 .data.Font_11x18
                0x00000000200001f4        0x8 ./Core/Src/ssd1306_fonts.o
                0x00000000200001f4                Font_11x18
 .data.Font_16x26
                0x00000000200001fc        0x8 ./Core/Src/ssd1306_fonts.o
                0x00000000200001fc                Font_16x26
 .data.SystemCoreClock
                0x0000000020000204        0x4 ./Core/Src/system_stm32f0xx.o
                0x0000000020000204                SystemCoreClock
 .data.uwTickPrio
                0x0000000020000208        0x4 ./Drivers/STM32F0xx_HAL_Driver/Src/stm32f0xx_hal.o
                0x0000000020000208                uwTickPrio
 .data.uwTickFreq
                0x000000002000020c        0x1 ./Drivers/STM32F0xx_HAL_Driver/Src/stm32f0xx_hal.o
                0x000000002000020c                uwTickFreq
 *fill*         0x000000002000020d        0x3 
 .data._impure_ptr
                0x0000000020000210        0x4 c:/st/stm32cubeide_1.7.0/stm32cubeide/plugins/com.st.stm32cube.ide.mcu.externaltools.gnu-tools-for-stm32.9-2020-q2-update.win32_2.0.0.202105311346/tools/bin/../lib/gcc/arm-none-eabi/9.3.1/../../../../arm-none-eabi/lib/thumb/v6-m/nofp\libc_nano.a(lib_a-impure.o)
                0x0000000020000210                _impure_ptr
 .data.impure_data
                0x0000000020000214       0x60 c:/st/stm32cubeide_1.7.0/stm32cubeide/plugins/com.st.stm32cube.ide.mcu.externaltools.gnu-tools-for-stm32.9-2020-q2-update.win32_2.0.0.202105311346/tools/bin/../lib/gcc/arm-none-eabi/9.3.1/../../../../arm-none-eabi/lib/thumb/v6-m/nofp\libc_nano.a(lib_a-impure.o)
 *(.RamFunc)
 *(.RamFunc*)
                0x0000000020000274                . = ALIGN (0x4)
                0x0000000020000274                _edata = .

.igot.plt       0x0000000020000274        0x0 load address 0x0000000008007d2c
 .igot.plt      0x0000000020000274        0x0 c:/st/stm32cubeide_1.7.0/stm32cubeide/plugins/com.st.stm32cube.ide.mcu.externaltools.gnu-tools-for-stm32.9-2020-q2-update.win32_2.0.0.202105311346/tools/bin/../lib/gcc/arm-none-eabi/9.3.1/thumb/v6-m/nofp/crtbegin.o
                0x0000000020000274                . = ALIGN (0x4)

.bss            0x0000000020000274      0x600 load address 0x0000000008007d2c
                0x0000000020000274                _sbss = .
                0x0000000020000274                __bss_start__ = _sbss
 *(.bss)
 .bss           0x0000000020000274       0x1c c:/st/stm32cubeide_1.7.0/stm32cubeide/plugins/com.st.stm32cube.ide.mcu.externaltools.gnu-tools-for-stm32.9-2020-q2-update.win32_2.0.0.202105311346/tools/bin/../lib/gcc/arm-none-eabi/9.3.1/thumb/v6-m/nofp/crtbegin.o
 *(.bss*)
 .bss.canRX     0x0000000020000290        0x8 ./Core/Src/main.o
                0x0000000020000290                canRX
 .bss.currentMs
                0x0000000020000298        0x4 ./Core/Src/main.o
                0x0000000020000298                currentMs
 .bss.lastMs    0x000000002000029c        0x4 ./Core/Src/main.o
                0x000000002000029c                lastMs
 .bss.btnPress  0x00000000200002a0        0x4 ./Core/Src/main.o
                0x00000000200002a0                btnPress
 .bss.currentGauge
                0x00000000200002a4        0x4 ./Core/Src/main.o
                0x00000000200002a4                currentGauge
 .bss.b         0x00000000200002a8       0x1c ./Core/Src/main.o
                0x00000000200002a8                b
 .bss.msgRXstatus
                0x00000000200002c4        0x4 ./Core/Src/main.o
                0x00000000200002c4                msgRXstatus
 .bss.pMax      0x00000000200002c8        0x4 ./Core/Src/main.o
                0x00000000200002c8                pMax
 .bss.lastCanMessage
                0x00000000200002cc        0x4 ./Core/Src/main.o
                0x00000000200002cc                lastCanMessage
 .bss.SSD1306_Buffer
                0x00000000200002d0      0x410 ./Core/Src/ssd1306.o
 .bss.SSD1306   0x00000000200006e0        0x8 ./Core/Src/ssd1306.o
 .bss.__sbrk_heap_end
                0x00000000200006e8        0x4 ./Core/Src/sysmem.o
 .bss.__malloc_free_list
                0x00000000200006ec        0x4 c:/st/stm32cubeide_1.7.0/stm32cubeide/plugins/com.st.stm32cube.ide.mcu.externaltools.gnu-tools-for-stm32.9-2020-q2-update.win32_2.0.0.202105311346/tools/bin/../lib/gcc/arm-none-eabi/9.3.1/../../../../arm-none-eabi/lib/thumb/v6-m/nofp\libc_nano.a(lib_a-nano-mallocr.o)
                0x00000000200006ec                __malloc_free_list
 .bss.__malloc_sbrk_start
                0x00000000200006f0        0x4 c:/st/stm32cubeide_1.7.0/stm32cubeide/plugins/com.st.stm32cube.ide.mcu.externaltools.gnu-tools-for-stm32.9-2020-q2-update.win32_2.0.0.202105311346/tools/bin/../lib/gcc/arm-none-eabi/9.3.1/../../../../arm-none-eabi/lib/thumb/v6-m/nofp\libc_nano.a(lib_a-nano-mallocr.o)
                0x00000000200006f0                __malloc_sbrk_start
 *(COMMON)
 COMMON         0x00000000200006f4      0x16c ./Core/Src/main.o
                0x00000000200006f4                lastTimeMinP
                0x00000000200006f8                p
                0x00000000200006fc                rxHeader
                0x0000000020000718                vMax
                0x000000002000071c                hi2c1
                0x0000000020000768                buff
                0x0000000020000778                lastTimeMax
                0x000000002000077c                hcan
                0x00000000200007a4                lastTimeMaxP
                0x00000000200007a8                lastTimeMin
                0x00000000200007ac                rxID
                0x00000000200007b0                huart2
                0x0000000020000834                canfilter
                0x000000002000085c                vMin
 COMMON         0x0000000020000860        0x4 ./Drivers/STM32F0xx_HAL_Driver/Src/stm32f0xx_hal.o
                0x0000000020000860                uwTick
 COMMON         0x0000000020000864        0x4 c:/st/stm32cubeide_1.7.0/stm32cubeide/plugins/com.st.stm32cube.ide.mcu.externaltools.gnu-tools-for-stm32.9-2020-q2-update.win32_2.0.0.202105311346/tools/bin/../lib/gcc/arm-none-eabi/9.3.1/../../../../arm-none-eabi/lib/thumb/v6-m/nofp\libc_nano.a(lib_a-reent.o)
                0x0000000020000864                errno
 COMMON         0x0000000020000868        0x9 c:/st/stm32cubeide_1.7.0/stm32cubeide/plugins/com.st.stm32cube.ide.mcu.externaltools.gnu-tools-for-stm32.9-2020-q2-update.win32_2.0.0.202105311346/tools/bin/../lib/gcc/arm-none-eabi/9.3.1/../../../../arm-none-eabi/lib/thumb/v6-m/nofp\libc_nano.a(lib_a-lock.o)
                0x0000000020000868                __lock___atexit_recursive_mutex
                0x0000000020000869                __lock___arc4random_mutex
                0x000000002000086a                __lock___env_recursive_mutex
                0x000000002000086b                __lock___sinit_recursive_mutex
                0x000000002000086c                __lock___malloc_recursive_mutex
                0x000000002000086d                __lock___at_quick_exit_mutex
                0x000000002000086e                __lock___dd_hash_mutex
                0x000000002000086f                __lock___tz_mutex
                0x0000000020000870                __lock___sfp_recursive_mutex
                0x0000000020000874                . = ALIGN (0x4)
 *fill*         0x0000000020000871        0x3 
                0x0000000020000874                _ebss = .
                0x0000000020000874                __bss_end__ = _ebss

._user_heap_stack
                0x0000000020000874      0x604 load address 0x0000000008007d2c
                0x0000000020000878                . = ALIGN (0x8)
 *fill*         0x0000000020000874        0x4 
                [!provide]                        PROVIDE (end = .)
                0x0000000020000878                PROVIDE (_end = .)
                0x0000000020000a78                . = (. + _Min_Heap_Size)
 *fill*         0x0000000020000878      0x200 
                0x0000000020000e78                . = (. + _Min_Stack_Size)
 *fill*         0x0000000020000a78      0x400 
                0x0000000020000e78                . = ALIGN (0x8)

/DISCARD/
 libc.a(*)
 libm.a(*)
 libgcc.a(*)

.ARM.attributes
                0x0000000000000000       0x28
 *(.ARM.attributes)
 .ARM.attributes
                0x0000000000000000       0x1e c:/st/stm32cubeide_1.7.0/stm32cubeide/plugins/com.st.stm32cube.ide.mcu.externaltools.gnu-tools-for-stm32.9-2020-q2-update.win32_2.0.0.202105311346/tools/bin/../lib/gcc/arm-none-eabi/9.3.1/thumb/v6-m/nofp/crti.o
 .ARM.attributes
                0x000000000000001e       0x2c c:/st/stm32cubeide_1.7.0/stm32cubeide/plugins/com.st.stm32cube.ide.mcu.externaltools.gnu-tools-for-stm32.9-2020-q2-update.win32_2.0.0.202105311346/tools/bin/../lib/gcc/arm-none-eabi/9.3.1/thumb/v6-m/nofp/crtbegin.o
 .ARM.attributes
                0x000000000000004a       0x2c ./Core/Src/main.o
 .ARM.attributes
                0x0000000000000076       0x2c ./Core/Src/ssd1306.o
 .ARM.attributes
                0x00000000000000a2       0x31 ./Core/Src/ssd1306_fonts.o
 .ARM.attributes
                0x00000000000000d3       0x2c ./Core/Src/stm32f0xx_hal_msp.o
 .ARM.attributes
                0x00000000000000ff       0x2c ./Core/Src/stm32f0xx_it.o
 .ARM.attributes
                0x000000000000012b       0x2c ./Core/Src/sysmem.o
 .ARM.attributes
                0x0000000000000157       0x2c ./Core/Src/system_stm32f0xx.o
 .ARM.attributes
                0x0000000000000183       0x21 ./Core/Startup/startup_stm32f042k6tx.o
 .ARM.attributes
                0x00000000000001a4       0x2c ./Drivers/STM32F0xx_HAL_Driver/Src/stm32f0xx_hal.o
 .ARM.attributes
                0x00000000000001d0       0x2c ./Drivers/STM32F0xx_HAL_Driver/Src/stm32f0xx_hal_can.o
 .ARM.attributes
                0x00000000000001fc       0x2c ./Drivers/STM32F0xx_HAL_Driver/Src/stm32f0xx_hal_cortex.o
 .ARM.attributes
                0x0000000000000228       0x2c ./Drivers/STM32F0xx_HAL_Driver/Src/stm32f0xx_hal_gpio.o
 .ARM.attributes
                0x0000000000000254       0x2c ./Drivers/STM32F0xx_HAL_Driver/Src/stm32f0xx_hal_i2c.o
 .ARM.attributes
                0x0000000000000280       0x2c ./Drivers/STM32F0xx_HAL_Driver/Src/stm32f0xx_hal_i2c_ex.o
 .ARM.attributes
                0x00000000000002ac       0x2c ./Drivers/STM32F0xx_HAL_Driver/Src/stm32f0xx_hal_rcc.o
 .ARM.attributes
                0x00000000000002d8       0x2c ./Drivers/STM32F0xx_HAL_Driver/Src/stm32f0xx_hal_rcc_ex.o
 .ARM.attributes
                0x0000000000000304       0x2c ./Drivers/STM32F0xx_HAL_Driver/Src/stm32f0xx_hal_uart.o
 .ARM.attributes
                0x0000000000000330       0x2c c:/st/stm32cubeide_1.7.0/stm32cubeide/plugins/com.st.stm32cube.ide.mcu.externaltools.gnu-tools-for-stm32.9-2020-q2-update.win32_2.0.0.202105311346/tools/bin/../lib/gcc/arm-none-eabi/9.3.1/../../../../arm-none-eabi/lib/thumb/v6-m/nofp\libc_nano.a(lib_a-errno.o)
 .ARM.attributes
                0x000000000000035c       0x2c c:/st/stm32cubeide_1.7.0/stm32cubeide/plugins/com.st.stm32cube.ide.mcu.externaltools.gnu-tools-for-stm32.9-2020-q2-update.win32_2.0.0.202105311346/tools/bin/../lib/gcc/arm-none-eabi/9.3.1/../../../../arm-none-eabi/lib/thumb/v6-m/nofp\libc_nano.a(lib_a-impure.o)
 .ARM.attributes
                0x0000000000000388       0x2c c:/st/stm32cubeide_1.7.0/stm32cubeide/plugins/com.st.stm32cube.ide.mcu.externaltools.gnu-tools-for-stm32.9-2020-q2-update.win32_2.0.0.202105311346/tools/bin/../lib/gcc/arm-none-eabi/9.3.1/../../../../arm-none-eabi/lib/thumb/v6-m/nofp\libc_nano.a(lib_a-init.o)
 .ARM.attributes
                0x00000000000003b4       0x2c c:/st/stm32cubeide_1.7.0/stm32cubeide/plugins/com.st.stm32cube.ide.mcu.externaltools.gnu-tools-for-stm32.9-2020-q2-update.win32_2.0.0.202105311346/tools/bin/../lib/gcc/arm-none-eabi/9.3.1/../../../../arm-none-eabi/lib/thumb/v6-m/nofp\libc_nano.a(lib_a-memcpy-stub.o)
 .ARM.attributes
                0x00000000000003e0       0x2c c:/st/stm32cubeide_1.7.0/stm32cubeide/plugins/com.st.stm32cube.ide.mcu.externaltools.gnu-tools-for-stm32.9-2020-q2-update.win32_2.0.0.202105311346/tools/bin/../lib/gcc/arm-none-eabi/9.3.1/../../../../arm-none-eabi/lib/thumb/v6-m/nofp\libc_nano.a(lib_a-memset.o)
 .ARM.attributes
                0x000000000000040c       0x2c c:/st/stm32cubeide_1.7.0/stm32cubeide/plugins/com.st.stm32cube.ide.mcu.externaltools.gnu-tools-for-stm32.9-2020-q2-update.win32_2.0.0.202105311346/tools/bin/../lib/gcc/arm-none-eabi/9.3.1/../../../../arm-none-eabi/lib/thumb/v6-m/nofp\libc_nano.a(lib_a-snprintf.o)
 .ARM.attributes
                0x0000000000000438       0x2c c:/st/stm32cubeide_1.7.0/stm32cubeide/plugins/com.st.stm32cube.ide.mcu.externaltools.gnu-tools-for-stm32.9-2020-q2-update.win32_2.0.0.202105311346/tools/bin/../lib/gcc/arm-none-eabi/9.3.1/../../../../arm-none-eabi/lib/thumb/v6-m/nofp\libc_nano.a(lib_a-nano-svfprintf.o)
 .ARM.attributes
                0x0000000000000464       0x2c c:/st/stm32cubeide_1.7.0/stm32cubeide/plugins/com.st.stm32cube.ide.mcu.externaltools.gnu-tools-for-stm32.9-2020-q2-update.win32_2.0.0.202105311346/tools/bin/../lib/gcc/arm-none-eabi/9.3.1/../../../../arm-none-eabi/lib/thumb/v6-m/nofp\libc_nano.a(lib_a-nano-vfprintf_i.o)
 .ARM.attributes
                0x0000000000000490       0x2c c:/st/stm32cubeide_1.7.0/stm32cubeide/plugins/com.st.stm32cube.ide.mcu.externaltools.gnu-tools-for-stm32.9-2020-q2-update.win32_2.0.0.202105311346/tools/bin/../lib/gcc/arm-none-eabi/9.3.1/../../../../arm-none-eabi/lib/thumb/v6-m/nofp\libc_nano.a(lib_a-memchr-stub.o)
 .ARM.attributes
                0x00000000000004bc       0x2c c:/st/stm32cubeide_1.7.0/stm32cubeide/plugins/com.st.stm32cube.ide.mcu.externaltools.gnu-tools-for-stm32.9-2020-q2-update.win32_2.0.0.202105311346/tools/bin/../lib/gcc/arm-none-eabi/9.3.1/../../../../arm-none-eabi/lib/thumb/v6-m/nofp\libc_nano.a(lib_a-memmove.o)
 .ARM.attributes
                0x00000000000004e8       0x2c c:/st/stm32cubeide_1.7.0/stm32cubeide/plugins/com.st.stm32cube.ide.mcu.externaltools.gnu-tools-for-stm32.9-2020-q2-update.win32_2.0.0.202105311346/tools/bin/../lib/gcc/arm-none-eabi/9.3.1/../../../../arm-none-eabi/lib/thumb/v6-m/nofp\libc_nano.a(lib_a-nano-freer.o)
 .ARM.attributes
                0x0000000000000514       0x2c c:/st/stm32cubeide_1.7.0/stm32cubeide/plugins/com.st.stm32cube.ide.mcu.externaltools.gnu-tools-for-stm32.9-2020-q2-update.win32_2.0.0.202105311346/tools/bin/../lib/gcc/arm-none-eabi/9.3.1/../../../../arm-none-eabi/lib/thumb/v6-m/nofp\libc_nano.a(lib_a-nano-mallocr.o)
 .ARM.attributes
                0x0000000000000540       0x2c c:/st/stm32cubeide_1.7.0/stm32cubeide/plugins/com.st.stm32cube.ide.mcu.externaltools.gnu-tools-for-stm32.9-2020-q2-update.win32_2.0.0.202105311346/tools/bin/../lib/gcc/arm-none-eabi/9.3.1/../../../../arm-none-eabi/lib/thumb/v6-m/nofp\libc_nano.a(lib_a-nano-reallocr.o)
 .ARM.attributes
                0x000000000000056c       0x2c c:/st/stm32cubeide_1.7.0/stm32cubeide/plugins/com.st.stm32cube.ide.mcu.externaltools.gnu-tools-for-stm32.9-2020-q2-update.win32_2.0.0.202105311346/tools/bin/../lib/gcc/arm-none-eabi/9.3.1/../../../../arm-none-eabi/lib/thumb/v6-m/nofp\libc_nano.a(lib_a-sbrkr.o)
 .ARM.attributes
                0x0000000000000598       0x2c c:/st/stm32cubeide_1.7.0/stm32cubeide/plugins/com.st.stm32cube.ide.mcu.externaltools.gnu-tools-for-stm32.9-2020-q2-update.win32_2.0.0.202105311346/tools/bin/../lib/gcc/arm-none-eabi/9.3.1/../../../../arm-none-eabi/lib/thumb/v6-m/nofp\libc_nano.a(lib_a-mlock.o)
 .ARM.attributes
                0x00000000000005c4       0x2c c:/st/stm32cubeide_1.7.0/stm32cubeide/plugins/com.st.stm32cube.ide.mcu.externaltools.gnu-tools-for-stm32.9-2020-q2-update.win32_2.0.0.202105311346/tools/bin/../lib/gcc/arm-none-eabi/9.3.1/../../../../arm-none-eabi/lib/thumb/v6-m/nofp\libc_nano.a(lib_a-nano-msizer.o)
 .ARM.attributes
                0x00000000000005f0       0x2c c:/st/stm32cubeide_1.7.0/stm32cubeide/plugins/com.st.stm32cube.ide.mcu.externaltools.gnu-tools-for-stm32.9-2020-q2-update.win32_2.0.0.202105311346/tools/bin/../lib/gcc/arm-none-eabi/9.3.1/../../../../arm-none-eabi/lib/thumb/v6-m/nofp\libc_nano.a(lib_a-reent.o)
 .ARM.attributes
                0x000000000000061c       0x2c c:/st/stm32cubeide_1.7.0/stm32cubeide/plugins/com.st.stm32cube.ide.mcu.externaltools.gnu-tools-for-stm32.9-2020-q2-update.win32_2.0.0.202105311346/tools/bin/../lib/gcc/arm-none-eabi/9.3.1/../../../../arm-none-eabi/lib/thumb/v6-m/nofp\libc_nano.a(lib_a-lock.o)
 .ARM.attributes
                0x0000000000000648       0x1e c:/st/stm32cubeide_1.7.0/stm32cubeide/plugins/com.st.stm32cube.ide.mcu.externaltools.gnu-tools-for-stm32.9-2020-q2-update.win32_2.0.0.202105311346/tools/bin/../lib/gcc/arm-none-eabi/9.3.1/thumb/v6-m/nofp\libgcc.a(_thumb1_case_shi.o)
 .ARM.attributes
                0x0000000000000666       0x1e c:/st/stm32cubeide_1.7.0/stm32cubeide/plugins/com.st.stm32cube.ide.mcu.externaltools.gnu-tools-for-stm32.9-2020-q2-update.win32_2.0.0.202105311346/tools/bin/../lib/gcc/arm-none-eabi/9.3.1/thumb/v6-m/nofp\libgcc.a(_udivsi3.o)
 .ARM.attributes
                0x0000000000000684       0x1e c:/st/stm32cubeide_1.7.0/stm32cubeide/plugins/com.st.stm32cube.ide.mcu.externaltools.gnu-tools-for-stm32.9-2020-q2-update.win32_2.0.0.202105311346/tools/bin/../lib/gcc/arm-none-eabi/9.3.1/thumb/v6-m/nofp\libgcc.a(_divsi3.o)
 .ARM.attributes
                0x00000000000006a2       0x1e c:/st/stm32cubeide_1.7.0/stm32cubeide/plugins/com.st.stm32cube.ide.mcu.externaltools.gnu-tools-for-stm32.9-2020-q2-update.win32_2.0.0.202105311346/tools/bin/../lib/gcc/arm-none-eabi/9.3.1/thumb/v6-m/nofp\libgcc.a(_dvmd_tls.o)
 .ARM.attributes
                0x00000000000006c0       0x1e c:/st/stm32cubeide_1.7.0/stm32cubeide/plugins/com.st.stm32cube.ide.mcu.externaltools.gnu-tools-for-stm32.9-2020-q2-update.win32_2.0.0.202105311346/tools/bin/../lib/gcc/arm-none-eabi/9.3.1/thumb/v6-m/nofp/crtn.o
OUTPUT(STM CAN Gauge.elf elf32-littlearm)
LOAD linker stubs
LOAD c:/st/stm32cubeide_1.7.0/stm32cubeide/plugins/com.st.stm32cube.ide.mcu.externaltools.gnu-tools-for-stm32.9-2020-q2-update.win32_2.0.0.202105311346/tools/bin/../lib/gcc/arm-none-eabi/9.3.1/../../../../arm-none-eabi/lib/thumb/v6-m/nofp\libc.a
LOAD c:/st/stm32cubeide_1.7.0/stm32cubeide/plugins/com.st.stm32cube.ide.mcu.externaltools.gnu-tools-for-stm32.9-2020-q2-update.win32_2.0.0.202105311346/tools/bin/../lib/gcc/arm-none-eabi/9.3.1/../../../../arm-none-eabi/lib/thumb/v6-m/nofp\libm.a
LOAD c:/st/stm32cubeide_1.7.0/stm32cubeide/plugins/com.st.stm32cube.ide.mcu.externaltools.gnu-tools-for-stm32.9-2020-q2-update.win32_2.0.0.202105311346/tools/bin/../lib/gcc/arm-none-eabi/9.3.1/thumb/v6-m/nofp\libgcc.a

.debug_info     0x0000000000000000    0x103c7
 .debug_info    0x0000000000000000     0x28b6 ./Core/Src/main.o
 .debug_info    0x00000000000028b6     0x17c7 ./Core/Src/ssd1306.o
 .debug_info    0x000000000000407d      0x1f2 ./Core/Src/ssd1306_fonts.o
 .debug_info    0x000000000000426f     0x127f ./Core/Src/stm32f0xx_hal_msp.o
 .debug_info    0x00000000000054ee      0x59b ./Core/Src/stm32f0xx_it.o
 .debug_info    0x0000000000005a89      0xa25 ./Core/Src/sysmem.o
 .debug_info    0x00000000000064ae      0x2c3 ./Core/Src/system_stm32f0xx.o
 .debug_info    0x0000000000006771       0x22 ./Core/Startup/startup_stm32f042k6tx.o
 .debug_info    0x0000000000006793      0x6f4 ./Drivers/STM32F0xx_HAL_Driver/Src/stm32f0xx_hal.o
 .debug_info    0x0000000000006e87     0x1003 ./Drivers/STM32F0xx_HAL_Driver/Src/stm32f0xx_hal_can.o
 .debug_info    0x0000000000007e8a      0x7ca ./Drivers/STM32F0xx_HAL_Driver/Src/stm32f0xx_hal_cortex.o
 .debug_info    0x0000000000008654      0x6ed ./Drivers/STM32F0xx_HAL_Driver/Src/stm32f0xx_hal_gpio.o
 .debug_info    0x0000000000008d41     0x219f ./Drivers/STM32F0xx_HAL_Driver/Src/stm32f0xx_hal_i2c.o
 .debug_info    0x000000000000aee0      0x951 ./Drivers/STM32F0xx_HAL_Driver/Src/stm32f0xx_hal_i2c_ex.o
 .debug_info    0x000000000000b831      0x8b1 ./Drivers/STM32F0xx_HAL_Driver/Src/stm32f0xx_hal_rcc.o
 .debug_info    0x000000000000c0e2      0x6c6 ./Drivers/STM32F0xx_HAL_Driver/Src/stm32f0xx_hal_rcc_ex.o
 .debug_info    0x000000000000c7a8     0x3c1f ./Drivers/STM32F0xx_HAL_Driver/Src/stm32f0xx_hal_uart.o

.debug_abbrev   0x0000000000000000     0x2242
 .debug_abbrev  0x0000000000000000      0x3e3 ./Core/Src/main.o
 .debug_abbrev  0x00000000000003e3      0x37a ./Core/Src/ssd1306.o
 .debug_abbrev  0x000000000000075d       0xbe ./Core/Src/ssd1306_fonts.o
 .debug_abbrev  0x000000000000081b      0x21e ./Core/Src/stm32f0xx_hal_msp.o
 .debug_abbrev  0x0000000000000a39      0x14e ./Core/Src/stm32f0xx_it.o
 .debug_abbrev  0x0000000000000b87      0x1bf ./Core/Src/sysmem.o
 .debug_abbrev  0x0000000000000d46      0x145 ./Core/Src/system_stm32f0xx.o
 .debug_abbrev  0x0000000000000e8b       0x12 ./Core/Startup/startup_stm32f042k6tx.o
 .debug_abbrev  0x0000000000000e9d      0x21e ./Drivers/STM32F0xx_HAL_Driver/Src/stm32f0xx_hal.o
 .debug_abbrev  0x00000000000010bb      0x1dd ./Drivers/STM32F0xx_HAL_Driver/Src/stm32f0xx_hal_can.o
 .debug_abbrev  0x0000000000001298      0x2a9 ./Drivers/STM32F0xx_HAL_Driver/Src/stm32f0xx_hal_cortex.o
 .debug_abbrev  0x0000000000001541      0x1e8 ./Drivers/STM32F0xx_HAL_Driver/Src/stm32f0xx_hal_gpio.o
 .debug_abbrev  0x0000000000001729      0x256 ./Drivers/STM32F0xx_HAL_Driver/Src/stm32f0xx_hal_i2c.o
 .debug_abbrev  0x000000000000197f      0x1dd ./Drivers/STM32F0xx_HAL_Driver/Src/stm32f0xx_hal_i2c_ex.o
 .debug_abbrev  0x0000000000001b5c      0x23b ./Drivers/STM32F0xx_HAL_Driver/Src/stm32f0xx_hal_rcc.o
 .debug_abbrev  0x0000000000001d97      0x1fa ./Drivers/STM32F0xx_HAL_Driver/Src/stm32f0xx_hal_rcc_ex.o
 .debug_abbrev  0x0000000000001f91      0x2b1 ./Drivers/STM32F0xx_HAL_Driver/Src/stm32f0xx_hal_uart.o

.debug_aranges  0x0000000000000000      0xc00
 .debug_aranges
                0x0000000000000000      0x108 ./Core/Src/main.o
 .debug_aranges
                0x0000000000000108       0xc0 ./Core/Src/ssd1306.o
 .debug_aranges
                0x00000000000001c8       0x18 ./Core/Src/ssd1306_fonts.o
 .debug_aranges
                0x00000000000001e0       0x50 ./Core/Src/stm32f0xx_hal_msp.o
 .debug_aranges
                0x0000000000000230       0x48 ./Core/Src/stm32f0xx_it.o
 .debug_aranges
                0x0000000000000278       0x20 ./Core/Src/sysmem.o
 .debug_aranges
                0x0000000000000298       0x28 ./Core/Src/system_stm32f0xx.o
 .debug_aranges
                0x00000000000002c0       0x28 ./Core/Startup/startup_stm32f042k6tx.o
 .debug_aranges
                0x00000000000002e8       0xd0 ./Drivers/STM32F0xx_HAL_Driver/Src/stm32f0xx_hal.o
 .debug_aranges
                0x00000000000003b8      0x138 ./Drivers/STM32F0xx_HAL_Driver/Src/stm32f0xx_hal_can.o
 .debug_aranges
                0x00000000000004f0       0xc0 ./Drivers/STM32F0xx_HAL_Driver/Src/stm32f0xx_hal_cortex.o
 .debug_aranges
                0x00000000000005b0       0x58 ./Drivers/STM32F0xx_HAL_Driver/Src/stm32f0xx_hal_gpio.o
 .debug_aranges
                0x0000000000000608      0x290 ./Drivers/STM32F0xx_HAL_Driver/Src/stm32f0xx_hal_i2c.o
 .debug_aranges
                0x0000000000000898       0x48 ./Drivers/STM32F0xx_HAL_Driver/Src/stm32f0xx_hal_i2c_ex.o
 .debug_aranges
                0x00000000000008e0       0x80 ./Drivers/STM32F0xx_HAL_Driver/Src/stm32f0xx_hal_rcc.o
 .debug_aranges
                0x0000000000000960       0x78 ./Drivers/STM32F0xx_HAL_Driver/Src/stm32f0xx_hal_rcc_ex.o
 .debug_aranges
                0x00000000000009d8      0x228 ./Drivers/STM32F0xx_HAL_Driver/Src/stm32f0xx_hal_uart.o

.debug_ranges   0x0000000000000000      0xb20
 .debug_ranges  0x0000000000000000       0xf8 ./Core/Src/main.o
 .debug_ranges  0x00000000000000f8       0xb0 ./Core/Src/ssd1306.o
 .debug_ranges  0x00000000000001a8       0x40 ./Core/Src/stm32f0xx_hal_msp.o
 .debug_ranges  0x00000000000001e8       0x38 ./Core/Src/stm32f0xx_it.o
 .debug_ranges  0x0000000000000220       0x10 ./Core/Src/sysmem.o
 .debug_ranges  0x0000000000000230       0x18 ./Core/Src/system_stm32f0xx.o
 .debug_ranges  0x0000000000000248       0x20 ./Core/Startup/startup_stm32f042k6tx.o
 .debug_ranges  0x0000000000000268       0xc0 ./Drivers/STM32F0xx_HAL_Driver/Src/stm32f0xx_hal.o
 .debug_ranges  0x0000000000000328      0x128 ./Drivers/STM32F0xx_HAL_Driver/Src/stm32f0xx_hal_can.o
 .debug_ranges  0x0000000000000450       0xb0 ./Drivers/STM32F0xx_HAL_Driver/Src/stm32f0xx_hal_cortex.o
 .debug_ranges  0x0000000000000500       0x48 ./Drivers/STM32F0xx_HAL_Driver/Src/stm32f0xx_hal_gpio.o
 .debug_ranges  0x0000000000000548      0x280 ./Drivers/STM32F0xx_HAL_Driver/Src/stm32f0xx_hal_i2c.o
 .debug_ranges  0x00000000000007c8       0x38 ./Drivers/STM32F0xx_HAL_Driver/Src/stm32f0xx_hal_i2c_ex.o
 .debug_ranges  0x0000000000000800       0x70 ./Drivers/STM32F0xx_HAL_Driver/Src/stm32f0xx_hal_rcc.o
 .debug_ranges  0x0000000000000870       0x68 ./Drivers/STM32F0xx_HAL_Driver/Src/stm32f0xx_hal_rcc_ex.o
 .debug_ranges  0x00000000000008d8      0x248 ./Drivers/STM32F0xx_HAL_Driver/Src/stm32f0xx_hal_uart.o

.debug_macro    0x0000000000000000    0x19381
 .debug_macro   0x0000000000000000      0x355 ./Core/Src/main.o
 .debug_macro   0x0000000000000355      0xa7e ./Core/Src/main.o
 .debug_macro   0x0000000000000dd3      0x133 ./Core/Src/main.o
 .debug_macro   0x0000000000000f06       0x2e ./Core/Src/main.o
 .debug_macro   0x0000000000000f34       0x22 ./Core/Src/main.o
 .debug_macro   0x0000000000000f56       0x22 ./Core/Src/main.o
 .debug_macro   0x0000000000000f78       0x8e ./Core/Src/main.o
 .debug_macro   0x0000000000001006       0x51 ./Core/Src/main.o
 .debug_macro   0x0000000000001057      0x103 ./Core/Src/main.o
 .debug_macro   0x000000000000115a       0x6a ./Core/Src/main.o
 .debug_macro   0x00000000000011c4      0x1df ./Core/Src/main.o
 .debug_macro   0x00000000000013a3       0x1c ./Core/Src/main.o
 .debug_macro   0x00000000000013bf       0x22 ./Core/Src/main.o
 .debug_macro   0x00000000000013e1       0xb5 ./Core/Src/main.o
 .debug_macro   0x0000000000001496      0x391 ./Core/Src/main.o
 .debug_macro   0x0000000000001827     0xf1ed ./Core/Src/main.o
 .debug_macro   0x0000000000010a14       0x66 ./Core/Src/main.o
 .debug_macro   0x0000000000010a7a     0x34a6 ./Core/Src/main.o
 .debug_macro   0x0000000000013f20      0x174 ./Core/Src/main.o
 .debug_macro   0x0000000000014094       0x55 ./Core/Src/main.o
 .debug_macro   0x00000000000140e9      0x946 ./Core/Src/main.o
 .debug_macro   0x0000000000014a2f      0x46b ./Core/Src/main.o
 .debug_macro   0x0000000000014e9a      0x1af ./Core/Src/main.o
 .debug_macro   0x0000000000015049      0x130 ./Core/Src/main.o
 .debug_macro   0x0000000000015179      0x199 ./Core/Src/main.o
 .debug_macro   0x0000000000015312      0x1ed ./Core/Src/main.o
 .debug_macro   0x00000000000154ff       0x34 ./Core/Src/main.o
 .debug_macro   0x0000000000015533       0x43 ./Core/Src/main.o
 .debug_macro   0x0000000000015576       0x28 ./Core/Src/main.o
 .debug_macro   0x000000000001559e      0x408 ./Core/Src/main.o
 .debug_macro   0x00000000000159a6       0xb0 ./Core/Src/main.o
 .debug_macro   0x0000000000015a56      0x182 ./Core/Src/main.o
 .debug_macro   0x0000000000015bd8      0x22c ./Core/Src/main.o
 .debug_macro   0x0000000000015e04       0x61 ./Core/Src/main.o
 .debug_macro   0x0000000000015e65       0xa5 ./Core/Src/main.o
 .debug_macro   0x0000000000015f0a       0x4c ./Core/Src/main.o
 .debug_macro   0x0000000000015f56      0x15b ./Core/Src/main.o
 .debug_macro   0x00000000000160b1      0x5a5 ./Core/Src/main.o
 .debug_macro   0x0000000000016656       0x44 ./Core/Src/main.o
 .debug_macro   0x000000000001669a      0x12e ./Core/Src/main.o
 .debug_macro   0x00000000000167c8       0x5e ./Core/Src/main.o
 .debug_macro   0x0000000000016826       0x52 ./Core/Src/main.o
 .debug_macro   0x0000000000016878       0x18 ./Core/Src/main.o
 .debug_macro   0x0000000000016890       0x3c ./Core/Src/main.o
 .debug_macro   0x00000000000168cc       0x34 ./Core/Src/main.o
 .debug_macro   0x0000000000016900       0x40 ./Core/Src/main.o
 .debug_macro   0x0000000000016940       0x3a ./Core/Src/main.o
 .debug_macro   0x000000000001697a       0x22 ./Core/Src/main.o
 .debug_macro   0x000000000001699c       0x16 ./Core/Src/main.o
 .debug_macro   0x00000000000169b2       0x35 ./Core/Src/main.o
 .debug_macro   0x00000000000169e7      0x333 ./Core/Src/main.o
 .debug_macro   0x0000000000016d1a       0x10 ./Core/Src/main.o
 .debug_macro   0x0000000000016d2a       0x16 ./Core/Src/main.o
 .debug_macro   0x0000000000016d40       0x43 ./Core/Src/main.o
 .debug_macro   0x0000000000016d83       0x34 ./Core/Src/main.o
 .debug_macro   0x0000000000016db7       0x10 ./Core/Src/main.o
 .debug_macro   0x0000000000016dc7       0x58 ./Core/Src/main.o
 .debug_macro   0x0000000000016e1f       0x71 ./Core/Src/main.o
 .debug_macro   0x0000000000016e90       0x1c ./Core/Src/main.o
 .debug_macro   0x0000000000016eac      0x12a ./Core/Src/main.o
 .debug_macro   0x0000000000016fd6       0x10 ./Core/Src/main.o
 .debug_macro   0x0000000000016fe6       0x1c ./Core/Src/main.o
 .debug_macro   0x0000000000017002       0x52 ./Core/Src/main.o
 .debug_macro   0x0000000000017054       0x22 ./Core/Src/main.o
 .debug_macro   0x0000000000017076       0x10 ./Core/Src/main.o
 .debug_macro   0x0000000000017086       0x40 ./Core/Src/main.o
 .debug_macro   0x00000000000170c6       0xd5 ./Core/Src/main.o
 .debug_macro   0x000000000001719b       0x1c ./Core/Src/main.o
 .debug_macro   0x00000000000171b7       0x3d ./Core/Src/main.o
 .debug_macro   0x00000000000171f4       0x16 ./Core/Src/main.o
 .debug_macro   0x000000000001720a      0x145 ./Core/Src/main.o
 .debug_macro   0x000000000001734f      0x2ee ./Core/Src/ssd1306.o
 .debug_macro   0x000000000001763d       0x4c ./Core/Src/ssd1306.o
 .debug_macro   0x0000000000017689       0x94 ./Core/Src/ssd1306.o
 .debug_macro   0x000000000001771d       0x28 ./Core/Src/ssd1306.o
 .debug_macro   0x0000000000017745       0x57 ./Core/Src/ssd1306.o
 .debug_macro   0x000000000001779c      0x1a9 ./Core/Src/ssd1306.o
 .debug_macro   0x0000000000017945       0x16 ./Core/Src/ssd1306.o
 .debug_macro   0x000000000001795b       0x16 ./Core/Src/ssd1306.o
 .debug_macro   0x0000000000017971       0x29 ./Core/Src/ssd1306.o
 .debug_macro   0x000000000001799a       0x16 ./Core/Src/ssd1306.o
 .debug_macro   0x00000000000179b0       0x20 ./Core/Src/ssd1306.o
 .debug_macro   0x00000000000179d0       0x76 ./Core/Src/ssd1306_fonts.o
 .debug_macro   0x0000000000017a46      0x1c7 ./Core/Src/stm32f0xx_hal_msp.o
 .debug_macro   0x0000000000017c0d      0x1d1 ./Core/Src/stm32f0xx_it.o
 .debug_macro   0x0000000000017dde       0xff ./Core/Src/sysmem.o
 .debug_macro   0x0000000000017edd      0x23b ./Core/Src/sysmem.o
 .debug_macro   0x0000000000018118      0x1b8 ./Core/Src/system_stm32f0xx.o
 .debug_macro   0x00000000000182d0      0x1dc ./Drivers/STM32F0xx_HAL_Driver/Src/stm32f0xx_hal.o
 .debug_macro   0x00000000000184ac      0x1c0 ./Drivers/STM32F0xx_HAL_Driver/Src/stm32f0xx_hal_can.o
 .debug_macro   0x000000000001866c      0x1b8 ./Drivers/STM32F0xx_HAL_Driver/Src/stm32f0xx_hal_cortex.o
 .debug_macro   0x0000000000018824      0x1bf ./Drivers/STM32F0xx_HAL_Driver/Src/stm32f0xx_hal_gpio.o
 .debug_macro   0x00000000000189e3      0x27d ./Drivers/STM32F0xx_HAL_Driver/Src/stm32f0xx_hal_i2c.o
 .debug_macro   0x0000000000018c60      0x1b8 ./Drivers/STM32F0xx_HAL_Driver/Src/stm32f0xx_hal_i2c_ex.o
 .debug_macro   0x0000000000018e18      0x1ca ./Drivers/STM32F0xx_HAL_Driver/Src/stm32f0xx_hal_rcc.o
 .debug_macro   0x0000000000018fe2      0x1ca ./Drivers/STM32F0xx_HAL_Driver/Src/stm32f0xx_hal_rcc_ex.o
 .debug_macro   0x00000000000191ac      0x1d5 ./Drivers/STM32F0xx_HAL_Driver/Src/stm32f0xx_hal_uart.o

.debug_line     0x0000000000000000     0xedec
 .debug_line    0x0000000000000000     0x10b5 ./Core/Src/main.o
 .debug_line    0x00000000000010b5      0xd97 ./Core/Src/ssd1306.o
 .debug_line    0x0000000000001e4c      0x3ac ./Core/Src/ssd1306_fonts.o
 .debug_line    0x00000000000021f8      0x7b4 ./Core/Src/stm32f0xx_hal_msp.o
 .debug_line    0x00000000000029ac      0x745 ./Core/Src/stm32f0xx_it.o
 .debug_line    0x00000000000030f1      0x4f8 ./Core/Src/sysmem.o
 .debug_line    0x00000000000035e9      0x750 ./Core/Src/system_stm32f0xx.o
 .debug_line    0x0000000000003d39       0x9b ./Core/Startup/startup_stm32f042k6tx.o
 .debug_line    0x0000000000003dd4      0x943 ./Drivers/STM32F0xx_HAL_Driver/Src/stm32f0xx_hal.o
 .debug_line    0x0000000000004717     0x1107 ./Drivers/STM32F0xx_HAL_Driver/Src/stm32f0xx_hal_can.o
 .debug_line    0x000000000000581e      0x9ef ./Drivers/STM32F0xx_HAL_Driver/Src/stm32f0xx_hal_cortex.o
 .debug_line    0x000000000000620d      0xaad ./Drivers/STM32F0xx_HAL_Driver/Src/stm32f0xx_hal_gpio.o
 .debug_line    0x0000000000006cba     0x3293 ./Drivers/STM32F0xx_HAL_Driver/Src/stm32f0xx_hal_i2c.o
 .debug_line    0x0000000000009f4d      0x8e6 ./Drivers/STM32F0xx_HAL_Driver/Src/stm32f0xx_hal_i2c_ex.o
 .debug_line    0x000000000000a833      0xdd2 ./Drivers/STM32F0xx_HAL_Driver/Src/stm32f0xx_hal_rcc.o
 .debug_line    0x000000000000b605      0xb81 ./Drivers/STM32F0xx_HAL_Driver/Src/stm32f0xx_hal_rcc_ex.o
 .debug_line    0x000000000000c186     0x2c66 ./Drivers/STM32F0xx_HAL_Driver/Src/stm32f0xx_hal_uart.o

.debug_str      0x0000000000000000    0x8e5b4
 .debug_str     0x0000000000000000    0x8abb1 ./Core/Src/main.o
                                      0x8b033 (size before relaxing)
 .debug_str     0x000000000008abb1      0xc9a ./Core/Src/ssd1306.o
                                      0x89f3b (size before relaxing)
 .debug_str     0x000000000008b84b       0x41 ./Core/Src/ssd1306_fonts.o
                                       0x3d80 (size before relaxing)
 .debug_str     0x000000000008b88c       0x9f ./Core/Src/stm32f0xx_hal_msp.o
                                      0x86703 (size before relaxing)
 .debug_str     0x000000000008b92b       0x89 ./Core/Src/stm32f0xx_it.o
                                      0x85dfe (size before relaxing)
 .debug_str     0x000000000008b9b4      0x4e9 ./Core/Src/sysmem.o
                                       0x61bf (size before relaxing)
 .debug_str     0x000000000008be9d       0x5f ./Core/Src/system_stm32f0xx.o
                                      0x85a31 (size before relaxing)
 .debug_str     0x000000000008befc       0x36 ./Core/Startup/startup_stm32f042k6tx.o
                                         0x81 (size before relaxing)
 .debug_str     0x000000000008bf32      0x305 ./Drivers/STM32F0xx_HAL_Driver/Src/stm32f0xx_hal.o
                                      0x85f5b (size before relaxing)
 .debug_str     0x000000000008c237      0x476 ./Drivers/STM32F0xx_HAL_Driver/Src/stm32f0xx_hal_can.o
                                      0x86222 (size before relaxing)
 .debug_str     0x000000000008c6ad      0x1c8 ./Drivers/STM32F0xx_HAL_Driver/Src/stm32f0xx_hal_cortex.o
                                      0x85e0f (size before relaxing)
 .debug_str     0x000000000008c875      0x151 ./Drivers/STM32F0xx_HAL_Driver/Src/stm32f0xx_hal_gpio.o
                                      0x85c10 (size before relaxing)
 .debug_str     0x000000000008c9c6      0xdc7 ./Drivers/STM32F0xx_HAL_Driver/Src/stm32f0xx_hal_i2c.o
                                      0x86ce5 (size before relaxing)
 .debug_str     0x000000000008d78d       0xb8 ./Drivers/STM32F0xx_HAL_Driver/Src/stm32f0xx_hal_i2c_ex.o
                                      0x85fcf (size before relaxing)
 .debug_str     0x000000000008d845      0x235 ./Drivers/STM32F0xx_HAL_Driver/Src/stm32f0xx_hal_rcc.o
                                      0x85e46 (size before relaxing)
 .debug_str     0x000000000008da7a      0x2d2 ./Drivers/STM32F0xx_HAL_Driver/Src/stm32f0xx_hal_rcc_ex.o
                                      0x85e0e (size before relaxing)
 .debug_str     0x000000000008dd4c      0x868 ./Drivers/STM32F0xx_HAL_Driver/Src/stm32f0xx_hal_uart.o
                                      0x86705 (size before relaxing)

.comment        0x0000000000000000       0x53
 .comment       0x0000000000000000       0x53 ./Core/Src/main.o
                                         0x54 (size before relaxing)
 .comment       0x0000000000000053       0x54 ./Core/Src/ssd1306.o
 .comment       0x0000000000000053       0x54 ./Core/Src/ssd1306_fonts.o
 .comment       0x0000000000000053       0x54 ./Core/Src/stm32f0xx_hal_msp.o
 .comment       0x0000000000000053       0x54 ./Core/Src/stm32f0xx_it.o
 .comment       0x0000000000000053       0x54 ./Core/Src/sysmem.o
 .comment       0x0000000000000053       0x54 ./Core/Src/system_stm32f0xx.o
 .comment       0x0000000000000053       0x54 ./Drivers/STM32F0xx_HAL_Driver/Src/stm32f0xx_hal.o
 .comment       0x0000000000000053       0x54 ./Drivers/STM32F0xx_HAL_Driver/Src/stm32f0xx_hal_can.o
 .comment       0x0000000000000053       0x54 ./Drivers/STM32F0xx_HAL_Driver/Src/stm32f0xx_hal_cortex.o
 .comment       0x0000000000000053       0x54 ./Drivers/STM32F0xx_HAL_Driver/Src/stm32f0xx_hal_gpio.o
 .comment       0x0000000000000053       0x54 ./Drivers/STM32F0xx_HAL_Driver/Src/stm32f0xx_hal_i2c.o
 .comment       0x0000000000000053       0x54 ./Drivers/STM32F0xx_HAL_Driver/Src/stm32f0xx_hal_i2c_ex.o
 .comment       0x0000000000000053       0x54 ./Drivers/STM32F0xx_HAL_Driver/Src/stm32f0xx_hal_rcc.o
 .comment       0x0000000000000053       0x54 ./Drivers/STM32F0xx_HAL_Driver/Src/stm32f0xx_hal_rcc_ex.o
 .comment       0x0000000000000053       0x54 ./Drivers/STM32F0xx_HAL_Driver/Src/stm32f0xx_hal_uart.o

.debug_frame    0x0000000000000000     0x2e10
 .debug_frame   0x0000000000000000      0x3b0 ./Core/Src/main.o
 .debug_frame   0x00000000000003b0      0x2b8 ./Core/Src/ssd1306.o
 .debug_frame   0x0000000000000668       0xf0 ./Core/Src/stm32f0xx_hal_msp.o
 .debug_frame   0x0000000000000758       0xb8 ./Core/Src/stm32f0xx_it.o
 .debug_frame   0x0000000000000810       0x30 ./Core/Src/sysmem.o
 .debug_frame   0x0000000000000840       0x4c ./Core/Src/system_stm32f0xx.o
 .debug_frame   0x000000000000088c      0x2a4 ./Drivers/STM32F0xx_HAL_Driver/Src/stm32f0xx_hal.o
 .debug_frame   0x0000000000000b30      0x490 ./Drivers/STM32F0xx_HAL_Driver/Src/stm32f0xx_hal_can.o
 .debug_frame   0x0000000000000fc0      0x2a0 ./Drivers/STM32F0xx_HAL_Driver/Src/stm32f0xx_hal_cortex.o
 .debug_frame   0x0000000000001260      0x110 ./Drivers/STM32F0xx_HAL_Driver/Src/stm32f0xx_hal_gpio.o
 .debug_frame   0x0000000000001370      0xa24 ./Drivers/STM32F0xx_HAL_Driver/Src/stm32f0xx_hal_i2c.o
 .debug_frame   0x0000000000001d94       0xd0 ./Drivers/STM32F0xx_HAL_Driver/Src/stm32f0xx_hal_i2c_ex.o
 .debug_frame   0x0000000000001e64      0x198 ./Drivers/STM32F0xx_HAL_Driver/Src/stm32f0xx_hal_rcc.o
 .debug_frame   0x0000000000001ffc      0x180 ./Drivers/STM32F0xx_HAL_Driver/Src/stm32f0xx_hal_rcc_ex.o
 .debug_frame   0x000000000000217c      0x850 ./Drivers/STM32F0xx_HAL_Driver/Src/stm32f0xx_hal_uart.o
 .debug_frame   0x00000000000029cc       0x20 c:/st/stm32cubeide_1.7.0/stm32cubeide/plugins/com.st.stm32cube.ide.mcu.externaltools.gnu-tools-for-stm32.9-2020-q2-update.win32_2.0.0.202105311346/tools/bin/../lib/gcc/arm-none-eabi/9.3.1/../../../../arm-none-eabi/lib/thumb/v6-m/nofp\libc_nano.a(lib_a-errno.o)
 .debug_frame   0x00000000000029ec       0x2c c:/st/stm32cubeide_1.7.0/stm32cubeide/plugins/com.st.stm32cube.ide.mcu.externaltools.gnu-tools-for-stm32.9-2020-q2-update.win32_2.0.0.202105311346/tools/bin/../lib/gcc/arm-none-eabi/9.3.1/../../../../arm-none-eabi/lib/thumb/v6-m/nofp\libc_nano.a(lib_a-init.o)
 .debug_frame   0x0000000000002a18       0x28 c:/st/stm32cubeide_1.7.0/stm32cubeide/plugins/com.st.stm32cube.ide.mcu.externaltools.gnu-tools-for-stm32.9-2020-q2-update.win32_2.0.0.202105311346/tools/bin/../lib/gcc/arm-none-eabi/9.3.1/../../../../arm-none-eabi/lib/thumb/v6-m/nofp\libc_nano.a(lib_a-memcpy-stub.o)
 .debug_frame   0x0000000000002a40       0x20 c:/st/stm32cubeide_1.7.0/stm32cubeide/plugins/com.st.stm32cube.ide.mcu.externaltools.gnu-tools-for-stm32.9-2020-q2-update.win32_2.0.0.202105311346/tools/bin/../lib/gcc/arm-none-eabi/9.3.1/../../../../arm-none-eabi/lib/thumb/v6-m/nofp\libc_nano.a(lib_a-memset.o)
 .debug_frame   0x0000000000002a60       0x50 c:/st/stm32cubeide_1.7.0/stm32cubeide/plugins/com.st.stm32cube.ide.mcu.externaltools.gnu-tools-for-stm32.9-2020-q2-update.win32_2.0.0.202105311346/tools/bin/../lib/gcc/arm-none-eabi/9.3.1/../../../../arm-none-eabi/lib/thumb/v6-m/nofp\libc_nano.a(lib_a-snprintf.o)
 .debug_frame   0x0000000000002ab0       0x74 c:/st/stm32cubeide_1.7.0/stm32cubeide/plugins/com.st.stm32cube.ide.mcu.externaltools.gnu-tools-for-stm32.9-2020-q2-update.win32_2.0.0.202105311346/tools/bin/../lib/gcc/arm-none-eabi/9.3.1/../../../../arm-none-eabi/lib/thumb/v6-m/nofp\libc_nano.a(lib_a-nano-svfprintf.o)
 .debug_frame   0x0000000000002b24       0x54 c:/st/stm32cubeide_1.7.0/stm32cubeide/plugins/com.st.stm32cube.ide.mcu.externaltools.gnu-tools-for-stm32.9-2020-q2-update.win32_2.0.0.202105311346/tools/bin/../lib/gcc/arm-none-eabi/9.3.1/../../../../arm-none-eabi/lib/thumb/v6-m/nofp\libc_nano.a(lib_a-nano-vfprintf_i.o)
 .debug_frame   0x0000000000002b78       0x20 c:/st/stm32cubeide_1.7.0/stm32cubeide/plugins/com.st.stm32cube.ide.mcu.externaltools.gnu-tools-for-stm32.9-2020-q2-update.win32_2.0.0.202105311346/tools/bin/../lib/gcc/arm-none-eabi/9.3.1/../../../../arm-none-eabi/lib/thumb/v6-m/nofp\libc_nano.a(lib_a-memchr-stub.o)
 .debug_frame   0x0000000000002b98       0x28 c:/st/stm32cubeide_1.7.0/stm32cubeide/plugins/com.st.stm32cube.ide.mcu.externaltools.gnu-tools-for-stm32.9-2020-q2-update.win32_2.0.0.202105311346/tools/bin/../lib/gcc/arm-none-eabi/9.3.1/../../../../arm-none-eabi/lib/thumb/v6-m/nofp\libc_nano.a(lib_a-memmove.o)
 .debug_frame   0x0000000000002bc0       0x2c c:/st/stm32cubeide_1.7.0/stm32cubeide/plugins/com.st.stm32cube.ide.mcu.externaltools.gnu-tools-for-stm32.9-2020-q2-update.win32_2.0.0.202105311346/tools/bin/../lib/gcc/arm-none-eabi/9.3.1/../../../../arm-none-eabi/lib/thumb/v6-m/nofp\libc_nano.a(lib_a-nano-freer.o)
 .debug_frame   0x0000000000002bec       0x30 c:/st/stm32cubeide_1.7.0/stm32cubeide/plugins/com.st.stm32cube.ide.mcu.externaltools.gnu-tools-for-stm32.9-2020-q2-update.win32_2.0.0.202105311346/tools/bin/../lib/gcc/arm-none-eabi/9.3.1/../../../../arm-none-eabi/lib/thumb/v6-m/nofp\libc_nano.a(lib_a-nano-mallocr.o)
 .debug_frame   0x0000000000002c1c       0x30 c:/st/stm32cubeide_1.7.0/stm32cubeide/plugins/com.st.stm32cube.ide.mcu.externaltools.gnu-tools-for-stm32.9-2020-q2-update.win32_2.0.0.202105311346/tools/bin/../lib/gcc/arm-none-eabi/9.3.1/../../../../arm-none-eabi/lib/thumb/v6-m/nofp\libc_nano.a(lib_a-nano-reallocr.o)
 .debug_frame   0x0000000000002c4c       0x2c c:/st/stm32cubeide_1.7.0/stm32cubeide/plugins/com.st.stm32cube.ide.mcu.externaltools.gnu-tools-for-stm32.9-2020-q2-update.win32_2.0.0.202105311346/tools/bin/../lib/gcc/arm-none-eabi/9.3.1/../../../../arm-none-eabi/lib/thumb/v6-m/nofp\libc_nano.a(lib_a-sbrkr.o)
 .debug_frame   0x0000000000002c78       0x40 c:/st/stm32cubeide_1.7.0/stm32cubeide/plugins/com.st.stm32cube.ide.mcu.externaltools.gnu-tools-for-stm32.9-2020-q2-update.win32_2.0.0.202105311346/tools/bin/../lib/gcc/arm-none-eabi/9.3.1/../../../../arm-none-eabi/lib/thumb/v6-m/nofp\libc_nano.a(lib_a-mlock.o)
 .debug_frame   0x0000000000002cb8       0x20 c:/st/stm32cubeide_1.7.0/stm32cubeide/plugins/com.st.stm32cube.ide.mcu.externaltools.gnu-tools-for-stm32.9-2020-q2-update.win32_2.0.0.202105311346/tools/bin/../lib/gcc/arm-none-eabi/9.3.1/../../../../arm-none-eabi/lib/thumb/v6-m/nofp\libc_nano.a(lib_a-nano-msizer.o)
 .debug_frame   0x0000000000002cd8       0x48 c:/st/stm32cubeide_1.7.0/stm32cubeide/plugins/com.st.stm32cube.ide.mcu.externaltools.gnu-tools-for-stm32.9-2020-q2-update.win32_2.0.0.202105311346/tools/bin/../lib/gcc/arm-none-eabi/9.3.1/../../../../arm-none-eabi/lib/thumb/v6-m/nofp\libc_nano.a(lib_a-reent.o)
 .debug_frame   0x0000000000002d20       0xb0 c:/st/stm32cubeide_1.7.0/stm32cubeide/plugins/com.st.stm32cube.ide.mcu.externaltools.gnu-tools-for-stm32.9-2020-q2-update.win32_2.0.0.202105311346/tools/bin/../lib/gcc/arm-none-eabi/9.3.1/../../../../arm-none-eabi/lib/thumb/v6-m/nofp\libc_nano.a(lib_a-lock.o)
 .debug_frame   0x0000000000002dd0       0x20 c:/st/stm32cubeide_1.7.0/stm32cubeide/plugins/com.st.stm32cube.ide.mcu.externaltools.gnu-tools-for-stm32.9-2020-q2-update.win32_2.0.0.202105311346/tools/bin/../lib/gcc/arm-none-eabi/9.3.1/thumb/v6-m/nofp\libgcc.a(_udivsi3.o)
 .debug_frame   0x0000000000002df0       0x20 c:/st/stm32cubeide_1.7.0/stm32cubeide/plugins/com.st.stm32cube.ide.mcu.externaltools.gnu-tools-for-stm32.9-2020-q2-update.win32_2.0.0.202105311346/tools/bin/../lib/gcc/arm-none-eabi/9.3.1/thumb/v6-m/nofp\libgcc.a(_divsi3.o)
